Archive member included to satisfy reference by file (symbol)

/home/yuan/gcc-arm-none-eabi-5_4-2016q3/bin/../lib/gcc/arm-none-eabi/5.4.1/../../../../arm-none-eabi/lib/armv7e-m/fpu/libc_nano.a(lib_a-exit.o)
                              /home/yuan/gcc-arm-none-eabi-5_4-2016q3/bin/../lib/gcc/arm-none-eabi/5.4.1/../../../../arm-none-eabi/lib/armv7e-m/fpu/crt0.o (exit)
/home/yuan/gcc-arm-none-eabi-5_4-2016q3/bin/../lib/gcc/arm-none-eabi/5.4.1/../../../../arm-none-eabi/lib/armv7e-m/fpu/libc_nano.a(lib_a-impure.o)
                              /home/yuan/gcc-arm-none-eabi-5_4-2016q3/bin/../lib/gcc/arm-none-eabi/5.4.1/../../../../arm-none-eabi/lib/armv7e-m/fpu/libc_nano.a(lib_a-exit.o) (_global_impure_ptr)
/home/yuan/gcc-arm-none-eabi-5_4-2016q3/bin/../lib/gcc/arm-none-eabi/5.4.1/../../../../arm-none-eabi/lib/armv7e-m/fpu/libc_nano.a(lib_a-init.o)
                              /home/yuan/gcc-arm-none-eabi-5_4-2016q3/bin/../lib/gcc/arm-none-eabi/5.4.1/../../../../arm-none-eabi/lib/armv7e-m/fpu/crt0.o (__libc_init_array)
/home/yuan/gcc-arm-none-eabi-5_4-2016q3/bin/../lib/gcc/arm-none-eabi/5.4.1/../../../../arm-none-eabi/lib/armv7e-m/fpu/libc_nano.a(lib_a-memcpy-stub.o)
                              Build/ssd1306.o (memcpy)
/home/yuan/gcc-arm-none-eabi-5_4-2016q3/bin/../lib/gcc/arm-none-eabi/5.4.1/../../../../arm-none-eabi/lib/armv7e-m/fpu/libc_nano.a(lib_a-memset.o)
                              /home/yuan/gcc-arm-none-eabi-5_4-2016q3/bin/../lib/gcc/arm-none-eabi/5.4.1/../../../../arm-none-eabi/lib/armv7e-m/fpu/crt0.o (memset)
/home/yuan/gcc-arm-none-eabi-5_4-2016q3/bin/../lib/gcc/arm-none-eabi/5.4.1/../../../../arm-none-eabi/lib/armv7e-m/fpu/libc_nano.a(lib_a-printf.o)
                              Build/board.o (printf)
/home/yuan/gcc-arm-none-eabi-5_4-2016q3/bin/../lib/gcc/arm-none-eabi/5.4.1/../../../../arm-none-eabi/lib/armv7e-m/fpu/libc_nano.a(lib_a-putchar.o)
                              Build/board.o (putchar)
/home/yuan/gcc-arm-none-eabi-5_4-2016q3/bin/../lib/gcc/arm-none-eabi/5.4.1/../../../../arm-none-eabi/lib/armv7e-m/fpu/libc_nano.a(lib_a-puts.o)
                              Build/board.o (puts)
/home/yuan/gcc-arm-none-eabi-5_4-2016q3/bin/../lib/gcc/arm-none-eabi/5.4.1/../../../../arm-none-eabi/lib/armv7e-m/fpu/libc_nano.a(lib_a-wbuf.o)
                              /home/yuan/gcc-arm-none-eabi-5_4-2016q3/bin/../lib/gcc/arm-none-eabi/5.4.1/../../../../arm-none-eabi/lib/armv7e-m/fpu/libc_nano.a(lib_a-puts.o) (__swbuf_r)
/home/yuan/gcc-arm-none-eabi-5_4-2016q3/bin/../lib/gcc/arm-none-eabi/5.4.1/../../../../arm-none-eabi/lib/armv7e-m/fpu/libc_nano.a(lib_a-wsetup.o)
                              /home/yuan/gcc-arm-none-eabi-5_4-2016q3/bin/../lib/gcc/arm-none-eabi/5.4.1/../../../../arm-none-eabi/lib/armv7e-m/fpu/libc_nano.a(lib_a-puts.o) (__swsetup_r)
/home/yuan/gcc-arm-none-eabi-5_4-2016q3/bin/../lib/gcc/arm-none-eabi/5.4.1/../../../../arm-none-eabi/lib/armv7e-m/fpu/libc_nano.a(lib_a-fflush.o)
                              /home/yuan/gcc-arm-none-eabi-5_4-2016q3/bin/../lib/gcc/arm-none-eabi/5.4.1/../../../../arm-none-eabi/lib/armv7e-m/fpu/libc_nano.a(lib_a-wbuf.o) (_fflush_r)
/home/yuan/gcc-arm-none-eabi-5_4-2016q3/bin/../lib/gcc/arm-none-eabi/5.4.1/../../../../arm-none-eabi/lib/armv7e-m/fpu/libc_nano.a(lib_a-findfp.o)
                              /home/yuan/gcc-arm-none-eabi-5_4-2016q3/bin/../lib/gcc/arm-none-eabi/5.4.1/../../../../arm-none-eabi/lib/armv7e-m/fpu/libc_nano.a(lib_a-printf.o) (__sinit)
/home/yuan/gcc-arm-none-eabi-5_4-2016q3/bin/../lib/gcc/arm-none-eabi/5.4.1/../../../../arm-none-eabi/lib/armv7e-m/fpu/libc_nano.a(lib_a-fwalk.o)
                              /home/yuan/gcc-arm-none-eabi-5_4-2016q3/bin/../lib/gcc/arm-none-eabi/5.4.1/../../../../arm-none-eabi/lib/armv7e-m/fpu/libc_nano.a(lib_a-findfp.o) (_fwalk)
/home/yuan/gcc-arm-none-eabi-5_4-2016q3/bin/../lib/gcc/arm-none-eabi/5.4.1/../../../../arm-none-eabi/lib/armv7e-m/fpu/libc_nano.a(lib_a-makebuf.o)
                              /home/yuan/gcc-arm-none-eabi-5_4-2016q3/bin/../lib/gcc/arm-none-eabi/5.4.1/../../../../arm-none-eabi/lib/armv7e-m/fpu/libc_nano.a(lib_a-wsetup.o) (__smakebuf_r)
/home/yuan/gcc-arm-none-eabi-5_4-2016q3/bin/../lib/gcc/arm-none-eabi/5.4.1/../../../../arm-none-eabi/lib/armv7e-m/fpu/libc_nano.a(lib_a-nano-freer.o)
                              /home/yuan/gcc-arm-none-eabi-5_4-2016q3/bin/../lib/gcc/arm-none-eabi/5.4.1/../../../../arm-none-eabi/lib/armv7e-m/fpu/libc_nano.a(lib_a-wsetup.o) (_free_r)
/home/yuan/gcc-arm-none-eabi-5_4-2016q3/bin/../lib/gcc/arm-none-eabi/5.4.1/../../../../arm-none-eabi/lib/armv7e-m/fpu/libc_nano.a(lib_a-nano-mallocr.o)
                              /home/yuan/gcc-arm-none-eabi-5_4-2016q3/bin/../lib/gcc/arm-none-eabi/5.4.1/../../../../arm-none-eabi/lib/armv7e-m/fpu/libc_nano.a(lib_a-findfp.o) (_malloc_r)
/home/yuan/gcc-arm-none-eabi-5_4-2016q3/bin/../lib/gcc/arm-none-eabi/5.4.1/../../../../arm-none-eabi/lib/armv7e-m/fpu/libc_nano.a(lib_a-nano-vfprintf.o)
[...]
Memory Configuration

Name             Origin             Length             Attributes
RAM              0x20000000         0x00010000         xrw
RAM2             0x10000000         0x00004000         xrw
FLASH            0x08000000         0x00040000         xr
*default*        0x00000000         0xffffffff

Linker script and memory map

LOAD /home/yuan/gcc-arm-none-eabi-5_4-2016q3/bin/../lib/gcc/arm-none-eabi/5.4.1/armv7e-m/fpu/crti.o
LOAD /home/yuan/gcc-arm-none-eabi-5_4-2016q3/bin/../lib/gcc/arm-none-eabi/5.4.1/armv7e-m/fpu/crtbegin.o
LOAD /home/yuan/gcc-arm-none-eabi-5_4-2016q3/bin/../lib/gcc/arm-none-eabi/5.4.1/../../../../arm-none-eabi/lib/armv7e-m/fpu/crt0.o
LOAD Build/ssd1306.o
LOAD Build/ssd1306_fonts.o
LOAD Build/main.o
LOAD Build/board.o
LOAD Build/stm32l4xx_it.o
LOAD Build/stm32l4xx_hal_msp.o
LOAD Build/stm32l4xx_hal_i2c.o
LOAD Build/stm32l4xx_hal_i2c_ex.o
LOAD Build/stm32l4xx_hal.o
LOAD Build/stm32l4xx_hal_rcc.o
LOAD Build/stm32l4xx_hal_rcc_ex.o
LOAD Build/stm32l4xx_hal_flash.o
LOAD Build/stm32l4xx_hal_flash_ex.o
LOAD Build/stm32l4xx_hal_flash_ramfunc.o
LOAD Build/stm32l4xx_hal_gpio.o
LOAD Build/stm32l4xx_hal_dma.o
LOAD Build/stm32l4xx_hal_dma_ex.o
LOAD Build/stm32l4xx_hal_pwr.o
LOAD Build/stm32l4xx_hal_pwr_ex.o
LOAD Build/stm32l4xx_hal_cortex.o
LOAD Build/stm32l4xx_hal_exti.o
LOAD Build/stm32l4xx_hal_tim.o
LOAD Build/stm32l4xx_hal_tim_ex.o
LOAD Build/stm32l4xx_hal_uart.o
LOAD Build/stm32l4xx_hal_uart_ex.o
LOAD Build/system_stm32l4xx.o
LOAD Build/startup_stm32l431xx.o
LOAD /home/yuan/gcc-arm-none-eabi-5_4-2016q3/bin/../lib/gcc/arm-none-eabi/5.4.1/../../../../arm-none-eabi/lib/armv7e-m/fpu/libc_nano.a
LOAD /home/yuan/gcc-arm-none-eabi-5_4-2016q3/bin/../lib/gcc/arm-none-eabi/5.4.1/../../../../arm-none-eabi/lib/armv7e-m/fpu/libm.a
LOAD /home/yuan/gcc-arm-none-eabi-5_4-2016q3/bin/../lib/gcc/arm-none-eabi/5.4.1/../../../../arm-none-eabi/lib/armv7e-m/fpu/libnosys.a
START GROUP
LOAD /home/yuan/gcc-arm-none-eabi-5_4-2016q3/bin/../lib/gcc/arm-none-eabi/5.4.1/armv7e-m/fpu/libgcc.a
LOAD /home/yuan/gcc-arm-none-eabi-5_4-2016q3/bin/../lib/gcc/arm-none-eabi/5.4.1/../../../../arm-none-eabi/lib/armv7e-m/fpu/libc_nano.a
END GROUP
START GROUP
LOAD /home/yuan/gcc-arm-none-eabi-5_4-2016q3/bin/../lib/gcc/arm-none-eabi/5.4.1/armv7e-m/fpu/libgcc.a
LOAD /home/yuan/gcc-arm-none-eabi-5_4-2016q3/bin/../lib/gcc/arm-none-eabi/5.4.1/../../../../arm-none-eabi/lib/armv7e-m/fpu/libc_nano.a
END GROUP
LOAD /home/yuan/gcc-arm-none-eabi-5_4-2016q3/bin/../lib/gcc/arm-none-eabi/5.4.1/armv7e-m/fpu/crtend.o
LOAD /home/yuan/gcc-arm-none-eabi-5_4-2016q3/bin/../lib/gcc/arm-none-eabi/5.4.1/armv7e-m/fpu/crtn.o
                0x20010000                _estack = (ORIGIN (RAM) + LENGTH (RAM))
                0x00000200                _Min_Heap_Size = 0x200
                0x00000400                _Min_Stack_Size = 0x400

.isr_vector     0x08000000      0x190
                0x08000000                . = ALIGN (0x8)
 *(.isr_vector)
 .isr_vector    0x08000000      0x18c Build/startup_stm32l431xx.o
                0x08000000                g_pfnVectors
                0x08000190                . = ALIGN (0x8)
 *fill*         0x0800018c        0x4 

.text           0x08000190     0x3c08
                0x08000190                . = ALIGN (0x8)
 *(.text)
 .text          0x08000190       0x5c /home/yuan/gcc-arm-none-eabi-5_4-2016q3/bin/../lib/gcc/arm-none-eabi/5.4.1/armv7e-m/fpu/crtbegin.o
 *fill*         0x080001ec        0x4 
 .text          0x080001f0       0xa0 /home/yuan/gcc-arm-none-eabi-5_4-2016q3/bin/../lib/gcc/arm-none-eabi/5.4.1/../../../../arm-none-eabi/lib/armv7e-m/fpu/libc_nano.a(lib_a-memchr.o)
                0x080001f0                memchr
 .text          0x08000290       0x30 /home/yuan/gcc-arm-none-eabi-5_4-2016q3/bin/../lib/gcc/arm-none-eabi/5.4.1/armv7e-m/fpu/libgcc.a(_aeabi_uldivmod.o)
                0x08000290                __aeabi_uldivmod
 .text          0x080002c0      0x2e4 /home/yuan/gcc-arm-none-eabi-5_4-2016q3/bin/../lib/gcc/arm-none-eabi/5.4.1/armv7e-m/fpu/libgcc.a(_udivmoddi4.o)
                0x080002c0                __udivmoddi4
 .text          0x080005a4        0x4 /home/yuan/gcc-arm-none-eabi-5_4-2016q3/bin/../lib/gcc/arm-none-eabi/5.4.1/armv7e-m/fpu/libgcc.a(_dvmd_tls.o)
                0x080005a4                __aeabi_ldiv0
                0x080005a4                __aeabi_idiv0
 *(.text*)
 .text.ssd1306_WriteCommand
                0x080005a8       0x2c Build/ssd1306.o
                0x080005a8                ssd1306_WriteCommand
 .text.ssd1306_WriteData
                0x080005d4       0x28 Build/ssd1306.o
                0x080005d4                ssd1306_WriteData
 .text.is_ssd1306_ready
                0x080005fc       0x1c Build/ssd1306.o
                0x080005fc                is_ssd1306_ready
 .text.ssd1306_Fill
                0x08000618       0x20 Build/ssd1306.o
                0x08000618                ssd1306_Fill
 .text.ssd1306_UpdateScreen
                0x08000638       0x38 Build/ssd1306.o
                0x08000638                ssd1306_UpdateScreen
 .text.ssd1306_DrawPixel
                0x08000670       0x48 Build/ssd1306.o
                0x08000670                ssd1306_DrawPixel
 .text.ssd1306_WriteChar
                0x080006b8       0xb4 Build/ssd1306.o
                0x080006b8                ssd1306_WriteChar
 .text.ssd1306_WriteString
                0x0800076c       0x34 Build/ssd1306.o
                0x0800076c                ssd1306_WriteString
 .text.ssd1306_SetCursor
                0x080007a0        0xc Build/ssd1306.o
                0x080007a0                ssd1306_SetCursor
 .text.ssd1306_SetContrast
                0x080007ac       0x14 Build/ssd1306.o
                0x080007ac                ssd1306_SetContrast
 .text.ssd1306_SetDisplayOn
                0x080007c0       0x20 Build/ssd1306.o
                0x080007c0                ssd1306_SetDisplayOn
 .text.ssd1306_Init
                0x080007e0       0xd4 Build/ssd1306.o
                0x080007e0                ssd1306_Init
 .text.MX_GPIO_Init
                0x080008b4       0xa8 Build/main.o
 .text.Error_Handler
                0x0800095c        0x4 Build/main.o
                0x0800095c                Error_Handler
 .text.MX_I2C1_Init
                0x08000960       0x54 Build/main.o
 .text.MX_USART1_UART_Init
                0x080009b4       0x38 Build/main.o
 .text.SystemClock_Config
                0x080009ec       0x7c Build/main.o
                0x080009ec                SystemClock_Config
 .text.main     0x08000a68       0x20 Build/main.o
                0x08000a68                main
 .text._write   0x08000a88       0x18 Build/board.o
                0x08000a88                _write
 .text.i2c_scan
                0x08000aa0       0x4c Build/board.o
                0x08000aa0                i2c_scan
 .text.task_1   0x08000aec       0x10 Build/board.o
                0x08000aec                task_1
 .text.ssd1306_show
                0x08000afc       0x5c Build/board.o
                0x08000afc                ssd1306_show
 .text.BOARD_Init
                0x08000b58       0x40 Build/board.o
                0x08000b58                BOARD_Init
 .text.BOARD_Loop
                0x08000b98       0x48 Build/board.o
                0x08000b98                BOARD_Loop
 .text.NMI_Handler
                0x08000be0        0x4 Build/stm32l4xx_it.o
                0x08000be0                NMI_Handler
 .text.HardFault_Handler
                0x08000be4        0x4 Build/stm32l4xx_it.o
                0x08000be4                HardFault_Handler
 .text.MemManage_Handler
                0x08000be8        0x4 Build/stm32l4xx_it.o
                0x08000be8                MemManage_Handler
 .text.BusFault_Handler
                0x08000bec        0x4 Build/stm32l4xx_it.o
                0x08000bec                BusFault_Handler
 .text.UsageFault_Handler
                0x08000bf0        0x4 Build/stm32l4xx_it.o
                0x08000bf0                UsageFault_Handler
 .text.SVC_Handler
                0x08000bf4        0x4 Build/stm32l4xx_it.o
                0x08000bf4                SVC_Handler
 .text.DebugMon_Handler
                0x08000bf8        0x4 Build/stm32l4xx_it.o
                0x08000bf8                DebugMon_Handler
 .text.PendSV_Handler
                0x08000bfc        0x4 Build/stm32l4xx_it.o
                0x08000bfc                PendSV_Handler
 .text.SysTick_Handler
                0x08000c00        0x8 Build/stm32l4xx_it.o
                0x08000c00                SysTick_Handler
 .text.HAL_MspInit
                0x08000c08       0x30 Build/stm32l4xx_hal_msp.o
                0x08000c08                HAL_MspInit
 .text.HAL_I2C_MspInit
                0x08000c38       0x88 Build/stm32l4xx_hal_msp.o
                0x08000c38                HAL_I2C_MspInit
 .text.HAL_UART_MspInit
                0x08000cc0       0x88 Build/stm32l4xx_hal_msp.o
                0x08000cc0                HAL_UART_MspInit
 .text.I2C_Flush_TXDR
                0x08000d48       0x24 Build/stm32l4xx_hal_i2c.o
 .text.I2C_TransferConfig
                0x08000d6c       0x40 Build/stm32l4xx_hal_i2c.o
 .text.I2C_IsErrorOccurred
                0x08000dac      0x120 Build/stm32l4xx_hal_i2c.o
 .text.I2C_WaitOnTXISFlagUntilTimeout
                0x08000ecc       0x58 Build/stm32l4xx_hal_i2c.o
 .text.I2C_WaitOnFlagUntilTimeout
                0x08000f24       0x54 Build/stm32l4xx_hal_i2c.o
 .text.I2C_RequestMemoryWrite
                0x08000f78       0x70 Build/stm32l4xx_hal_i2c.o
 .text.I2C_WaitOnSTOPFlagUntilTimeout
                0x08000fe8       0x50 Build/stm32l4xx_hal_i2c.o
 .text.HAL_I2C_Init
                0x08001038       0xbc Build/stm32l4xx_hal_i2c.o
                0x08001038                HAL_I2C_Init
 .text.HAL_I2C_Mem_Write
                0x080010f4      0x1a8 Build/stm32l4xx_hal_i2c.o
                0x080010f4                HAL_I2C_Mem_Write
 .text.HAL_I2C_IsDeviceReady
                0x0800129c      0x178 Build/stm32l4xx_hal_i2c.o
                0x0800129c                HAL_I2C_IsDeviceReady
 .text.HAL_I2CEx_ConfigAnalogFilter
                0x08001414       0x5c Build/stm32l4xx_hal_i2c_ex.o
                0x08001414                HAL_I2CEx_ConfigAnalogFilter
 .text.HAL_I2CEx_ConfigDigitalFilter
                0x08001470       0x58 Build/stm32l4xx_hal_i2c_ex.o
                0x08001470                HAL_I2CEx_ConfigDigitalFilter
 .text.HAL_InitTick
                0x080014c8       0x50 Build/stm32l4xx_hal.o
                0x080014c8                HAL_InitTick
 .text.HAL_Init
                0x08001518       0x1c Build/stm32l4xx_hal.o
                0x08001518                HAL_Init
 .text.HAL_IncTick
                0x08001534       0x18 Build/stm32l4xx_hal.o
                0x08001534                HAL_IncTick
 .text.HAL_GetTick
                0x0800154c        0xc Build/stm32l4xx_hal.o
                0x0800154c                HAL_GetTick
 .text.HAL_Delay
                0x08001558       0x28 Build/stm32l4xx_hal.o
                0x08001558                HAL_Delay
 .text.RCC_SetFlashLatencyFromMSIRange
                0x08001580       0x90 Build/stm32l4xx_hal_rcc.o
 .text.HAL_RCC_GetSysClockFreq
                0x08001610       0xb8 Build/stm32l4xx_hal_rcc.o
                0x08001610                HAL_RCC_GetSysClockFreq
 .text.HAL_RCC_OscConfig
                0x080016c8      0x6a0 Build/stm32l4xx_hal_rcc.o
                0x080016c8                HAL_RCC_OscConfig
 .text.HAL_RCC_ClockConfig
                0x08001d68      0x190 Build/stm32l4xx_hal_rcc.o
                0x08001d68                HAL_RCC_ClockConfig
 .text.HAL_RCC_GetHCLKFreq
                0x08001ef8        0xc Build/stm32l4xx_hal_rcc.o
                0x08001ef8                HAL_RCC_GetHCLKFreq
 .text.HAL_RCC_GetPCLK1Freq
                0x08001f04       0x24 Build/stm32l4xx_hal_rcc.o
                0x08001f04                HAL_RCC_GetPCLK1Freq
 .text.HAL_RCC_GetPCLK2Freq
                0x08001f28       0x24 Build/stm32l4xx_hal_rcc.o
                0x08001f28                HAL_RCC_GetPCLK2Freq
 .text.RCCEx_PLLSAI1_Config
                0x08001f4c      0x17c Build/stm32l4xx_hal_rcc_ex.o
 .text.HAL_RCCEx_PeriphCLKConfig
                0x080020c8      0x31c Build/stm32l4xx_hal_rcc_ex.o
                0x080020c8                HAL_RCCEx_PeriphCLKConfig
 .text.HAL_GPIO_Init
                0x080023e4      0x1a4 Build/stm32l4xx_hal_gpio.o
                0x080023e4                HAL_GPIO_Init
 .text.HAL_GPIO_WritePin
                0x08002588        0xc Build/stm32l4xx_hal_gpio.o
                0x08002588                HAL_GPIO_WritePin
 .text.HAL_GPIO_TogglePin
                0x08002594       0x14 Build/stm32l4xx_hal_gpio.o
                0x08002594                HAL_GPIO_TogglePin
 .text.HAL_PWREx_GetVoltageRange
                0x080025a8       0x10 Build/stm32l4xx_hal_pwr_ex.o
                0x080025a8                HAL_PWREx_GetVoltageRange
 .text.HAL_PWREx_ControlVoltageScaling
                0x080025b8       0x90 Build/stm32l4xx_hal_pwr_ex.o
                0x080025b8                HAL_PWREx_ControlVoltageScaling
 .text.HAL_NVIC_SetPriorityGrouping
                0x08002648       0x24 Build/stm32l4xx_hal_cortex.o
                0x08002648                HAL_NVIC_SetPriorityGrouping
 .text.HAL_NVIC_SetPriority
                0x0800266c       0x64 Build/stm32l4xx_hal_cortex.o
                0x0800266c                HAL_NVIC_SetPriority
 .text.HAL_SYSTICK_Config
                0x080026d0       0x2c Build/stm32l4xx_hal_cortex.o
                0x080026d0                HAL_SYSTICK_Config
 .text.UART_SetConfig
                0x080026fc      0x2b4 Build/stm32l4xx_hal_uart.o
                0x080026fc                UART_SetConfig
 .text.UART_AdvFeatureConfig
                0x080029b0       0xc8 Build/stm32l4xx_hal_uart.o
                0x080029b0                UART_AdvFeatureConfig
 .text.UART_WaitOnFlagUntilTimeout
                0x08002a78       0xd0 Build/stm32l4xx_hal_uart.o
                0x08002a78                UART_WaitOnFlagUntilTimeout
 .text.HAL_UART_Transmit
                0x08002b48       0xdc Build/stm32l4xx_hal_uart.o
                0x08002b48                HAL_UART_Transmit
 .text.UART_CheckIdleState
                0x08002c24       0x6c Build/stm32l4xx_hal_uart.o
                0x08002c24                UART_CheckIdleState
 .text.HAL_UART_Init
                0x08002c90       0x60 Build/stm32l4xx_hal_uart.o
                0x08002c90                HAL_UART_Init
 .text.SystemInit
                0x08002cf0       0x14 Build/system_stm32l4xx.o
                0x08002cf0                SystemInit
 .text.Reset_Handler
                0x08002d04       0x50 Build/startup_stm32l431xx.o
                0x08002d04                Reset_Handler
 .text.Default_Handler
                0x08002d54        0x2 Build/startup_stm32l431xx.o
                0x08002d54                RTC_Alarm_IRQHandler
                0x08002d54                EXTI2_IRQHandler
                0x08002d54                TIM1_CC_IRQHandler
                0x08002d54                TSC_IRQHandler
                0x08002d54                TAMP_STAMP_IRQHandler
                0x08002d54                EXTI3_IRQHandler
                0x08002d54                LPTIM2_IRQHandler
                0x08002d54                I2C3_ER_IRQHandler
                0x08002d54                EXTI0_IRQHandler
                0x08002d54                I2C2_EV_IRQHandler
                0x08002d54                CAN1_RX0_IRQHandler
                0x08002d54                FPU_IRQHandler
                0x08002d54                TIM1_UP_TIM16_IRQHandler
                0x08002d54                SPI1_IRQHandler
                0x08002d54                TIM6_DAC_IRQHandler
                0x08002d54                DMA2_Channel2_IRQHandler
                0x08002d54                DMA1_Channel4_IRQHandler
                0x08002d54                ADC1_IRQHandler
                0x08002d54                USART3_IRQHandler
                0x08002d54                DMA1_Channel7_IRQHandler
                0x08002d54                CAN1_RX1_IRQHandler
                0x08002d54                DMA2_Channel1_IRQHandler
                0x08002d54                QUADSPI_IRQHandler
                0x08002d54                I2C1_EV_IRQHandler
                0x08002d54                DMA1_Channel6_IRQHandler
                0x08002d54                DMA2_Channel4_IRQHandler
                0x08002d54                RCC_IRQHandler
                0x08002d54                TIM1_TRG_COM_IRQHandler
                0x08002d54                DMA1_Channel1_IRQHandler
                0x08002d54                Default_Handler
                0x08002d54                DMA2_Channel7_IRQHandler
                0x08002d54                EXTI15_10_IRQHandler
                0x08002d54                TIM7_IRQHandler
                0x08002d54                SDMMC1_IRQHandler
                0x08002d54                I2C3_EV_IRQHandler
                0x08002d54                EXTI9_5_IRQHandler
                0x08002d54                RTC_WKUP_IRQHandler
                0x08002d54                PVD_PVM_IRQHandler
                0x08002d54                SPI2_IRQHandler
                0x08002d54                CAN1_TX_IRQHandler
                0x08002d54                DMA2_Channel5_IRQHandler
                0x08002d54                CRS_IRQHandler
                0x08002d54                DMA1_Channel5_IRQHandler
                0x08002d54                EXTI4_IRQHandler
                0x08002d54                RNG_IRQHandler
                0x08002d54                DMA1_Channel3_IRQHandler
                0x08002d54                COMP_IRQHandler
                0x08002d54                WWDG_IRQHandler
                0x08002d54                LPUART1_IRQHandler
                0x08002d54                DMA2_Channel6_IRQHandler
                0x08002d54                TIM2_IRQHandler
                0x08002d54                EXTI1_IRQHandler
                0x08002d54                USART2_IRQHandler
                0x08002d54                I2C2_ER_IRQHandler
                0x08002d54                DMA1_Channel2_IRQHandler
                0x08002d54                CAN1_SCE_IRQHandler
                0x08002d54                FLASH_IRQHandler
                0x08002d54                USART1_IRQHandler
                0x08002d54                SPI3_IRQHandler
                0x08002d54                I2C1_ER_IRQHandler
                0x08002d54                SWPMI1_IRQHandler
                0x08002d54                LPTIM1_IRQHandler
                0x08002d54                SAI1_IRQHandler
                0x08002d54                DMA2_Channel3_IRQHandler
                0x08002d54                TIM1_BRK_TIM15_IRQHandler
 *fill*         0x08002d56        0x2 
 .text.__libc_init_array
                0x08002d58       0x4c /home/yuan/gcc-arm-none-eabi-5_4-2016q3/bin/../lib/gcc/arm-none-eabi/5.4.1/../../../../arm-none-eabi/lib/armv7e-m/fpu/libc_nano.a(lib_a-init.o)
                0x08002d58                __libc_init_array
 .text.memset   0x08002da4       0x10 /home/yuan/gcc-arm-none-eabi-5_4-2016q3/bin/../lib/gcc/arm-none-eabi/5.4.1/../../../../arm-none-eabi/lib/armv7e-m/fpu/libc_nano.a(lib_a-memset.o)
                0x08002da4                memset
 .text.printf   0x08002db4       0x30 /home/yuan/gcc-arm-none-eabi-5_4-2016q3/bin/../lib/gcc/arm-none-eabi/5.4.1/../../../../arm-none-eabi/lib/armv7e-m/fpu/libc_nano.a(lib_a-printf.o)
                0x08002db4                printf
                0x08002db4                iprintf
 .text.putchar  0x08002de4       0x28 /home/yuan/gcc-arm-none-eabi-5_4-2016q3/bin/../lib/gcc/arm-none-eabi/5.4.1/../../../../arm-none-eabi/lib/armv7e-m/fpu/libc_nano.a(lib_a-putchar.o)
                0x08002de4                putchar
 .text._puts_r  0x08002e0c       0xb4 /home/yuan/gcc-arm-none-eabi-5_4-2016q3/bin/../lib/gcc/arm-none-eabi/5.4.1/../../../../arm-none-eabi/lib/armv7e-m/fpu/libc_nano.a(lib_a-puts.o)
                0x08002e0c                _puts_r
 .text.puts     0x08002ec0       0x10 /home/yuan/gcc-arm-none-eabi-5_4-2016q3/bin/../lib/gcc/arm-none-eabi/5.4.1/../../../../arm-none-eabi/lib/armv7e-m/fpu/libc_nano.a(lib_a-puts.o)
                0x08002ec0                puts
 .text.__swbuf_r
                0x08002ed0       0xa8 /home/yuan/gcc-arm-none-eabi-5_4-2016q3/bin/../lib/gcc/arm-none-eabi/5.4.1/../../../../arm-none-eabi/lib/armv7e-m/fpu/libc_nano.a(lib_a-wbuf.o)
                0x08002ed0                __swbuf_r
 .text.__swsetup_r
                0x08002f78       0xdc /home/yuan/gcc-arm-none-eabi-5_4-2016q3/bin/../lib/gcc/arm-none-eabi/5.4.1/../../../../arm-none-eabi/lib/armv7e-m/fpu/libc_nano.a(lib_a-wsetup.o)
                0x08002f78                __swsetup_r
 .text.__sflush_r
                0x08003054      0x110 /home/yuan/gcc-arm-none-eabi-5_4-2016q3/bin/../lib/gcc/arm-none-eabi/5.4.1/../../../../arm-none-eabi/lib/armv7e-m/fpu/libc_nano.a(lib_a-fflush.o)
                0x08003054                __sflush_r
 .text._fflush_r
                0x08003164       0x54 /home/yuan/gcc-arm-none-eabi-5_4-2016q3/bin/../lib/gcc/arm-none-eabi/5.4.1/../../../../arm-none-eabi/lib/armv7e-m/fpu/libc_nano.a(lib_a-fflush.o)
                0x08003164                _fflush_r
 .text._cleanup_r
                0x080031b8        0xc /home/yuan/gcc-arm-none-eabi-5_4-2016q3/bin/../lib/gcc/arm-none-eabi/5.4.1/../../../../arm-none-eabi/lib/armv7e-m/fpu/libc_nano.a(lib_a-findfp.o)
                0x080031b8                _cleanup_r
 .text.std.isra.0
                0x080031c4       0x48 /home/yuan/gcc-arm-none-eabi-5_4-2016q3/bin/../lib/gcc/arm-none-eabi/5.4.1/../../../../arm-none-eabi/lib/armv7e-m/fpu/libc_nano.a(lib_a-findfp.o)
 .text.__sfmoreglue
                0x0800320c       0x2c /home/yuan/gcc-arm-none-eabi-5_4-2016q3/bin/../lib/gcc/arm-none-eabi/5.4.1/../../../../arm-none-eabi/lib/armv7e-m/fpu/libc_nano.a(lib_a-findfp.o)
                0x0800320c                __sfmoreglue
 .text.__sinit  0x08003238       0x60 /home/yuan/gcc-arm-none-eabi-5_4-2016q3/bin/../lib/gcc/arm-none-eabi/5.4.1/../../../../arm-none-eabi/lib/armv7e-m/fpu/libc_nano.a(lib_a-findfp.o)
                0x08003238                __sinit
 .text.__sfp    0x08003298       0x78 /home/yuan/gcc-arm-none-eabi-5_4-2016q3/bin/../lib/gcc/arm-none-eabi/5.4.1/../../../../arm-none-eabi/lib/armv7e-m/fpu/libc_nano.a(lib_a-findfp.o)
                0x08003298                __sfp
 .text._fwalk_reent
                0x08003310       0x3c /home/yuan/gcc-arm-none-eabi-5_4-2016q3/bin/../lib/gcc/arm-none-eabi/5.4.1/../../../../arm-none-eabi/lib/armv7e-m/fpu/libc_nano.a(lib_a-fwalk.o)
                0x08003310                _fwalk_reent
 .text.__swhatbuf_r
                0x0800334c       0x46 /home/yuan/gcc-arm-none-eabi-5_4-2016q3/bin/../lib/gcc/arm-none-eabi/5.4.1/../../../../arm-none-eabi/lib/armv7e-m/fpu/libc_nano.a(lib_a-makebuf.o)
                0x0800334c                __swhatbuf_r
 *fill*         0x08003392        0x2 
 .text.__smakebuf_r
                0x08003394       0x78 /home/yuan/gcc-arm-none-eabi-5_4-2016q3/bin/../lib/gcc/arm-none-eabi/5.4.1/../../../../arm-none-eabi/lib/armv7e-m/fpu/libc_nano.a(lib_a-makebuf.o)
                0x08003394                __smakebuf_r
 .text._free_r  0x0800340c       0x9c /home/yuan/gcc-arm-none-eabi-5_4-2016q3/bin/../lib/gcc/arm-none-eabi/5.4.1/../../../../arm-none-eabi/lib/armv7e-m/fpu/libc_nano.a(lib_a-nano-freer.o)
                0x0800340c                _free_r
 .text._malloc_r
                0x080034a8       0xbc /home/yuan/gcc-arm-none-eabi-5_4-2016q3/bin/../lib/gcc/arm-none-eabi/5.4.1/../../../../arm-none-eabi/lib/armv7e-m/fpu/libc_nano.a(lib_a-nano-mallocr.o)
                0x080034a8                _malloc_r
 .text.__sfputc_r
                0x08003564       0x30 /home/yuan/gcc-arm-none-eabi-5_4-2016q3/bin/../lib/gcc/arm-none-eabi/5.4.1/../../../../arm-none-eabi/lib/armv7e-m/fpu/libc_nano.a(lib_a-nano-vfprintf.o)
 .text.__sfputs_r
                0x08003594       0x24 /home/yuan/gcc-arm-none-eabi-5_4-2016q3/bin/../lib/gcc/arm-none-eabi/5.4.1/../../../../arm-none-eabi/lib/armv7e-m/fpu/libc_nano.a(lib_a-nano-vfprintf.o)
                0x08003594                __sfputs_r
 .text._vfprintf_r
                0x080035b8      0x238 /home/yuan/gcc-arm-none-eabi-5_4-2016q3/bin/../lib/gcc/arm-none-eabi/5.4.1/../../../../arm-none-eabi/lib/armv7e-m/fpu/libc_nano.a(lib_a-nano-vfprintf.o)
                0x080035b8                _vfiprintf_r
                0x080035b8                _vfprintf_r
 .text._printf_common
                0x080037f0       0xec /home/yuan/gcc-arm-none-eabi-5_4-2016q3/bin/../lib/gcc/arm-none-eabi/5.4.1/../../../../arm-none-eabi/lib/armv7e-m/fpu/libc_nano.a(lib_a-nano-vfprintf_i.o)
                0x080037f0                _printf_common
 .text._printf_i
                0x080038dc      0x24c /home/yuan/gcc-arm-none-eabi-5_4-2016q3/bin/../lib/gcc/arm-none-eabi/5.4.1/../../../../arm-none-eabi/lib/armv7e-m/fpu/libc_nano.a(lib_a-nano-vfprintf_i.o)
                0x080038dc                _printf_i
 .text._putc_r  0x08003b28       0x6c /home/yuan/gcc-arm-none-eabi-5_4-2016q3/bin/../lib/gcc/arm-none-eabi/5.4.1/../../../../arm-none-eabi/lib/armv7e-m/fpu/libc_nano.a(lib_a-putc.o)
                0x08003b28                _putc_r
 .text._sbrk_r  0x08003b94       0x20 /home/yuan/gcc-arm-none-eabi-5_4-2016q3/bin/../lib/gcc/arm-none-eabi/5.4.1/../../../../arm-none-eabi/lib/armv7e-m/fpu/libc_nano.a(lib_a-sbrkr.o)
                0x08003b94                _sbrk_r
 .text.__sread  0x08003bb4       0x22 /home/yuan/gcc-arm-none-eabi-5_4-2016q3/bin/../lib/gcc/arm-none-eabi/5.4.1/../../../../arm-none-eabi/lib/armv7e-m/fpu/libc_nano.a(lib_a-stdio.o)
                0x08003bb4                __sread
 .text.__swrite
                0x08003bd6       0x38 /home/yuan/gcc-arm-none-eabi-5_4-2016q3/bin/../lib/gcc/arm-none-eabi/5.4.1/../../../../arm-none-eabi/lib/armv7e-m/fpu/libc_nano.a(lib_a-stdio.o)
                0x08003bd6                __swrite
 .text.__sseek  0x08003c0e       0x24 /home/yuan/gcc-arm-none-eabi-5_4-2016q3/bin/../lib/gcc/arm-none-eabi/5.4.1/../../../../arm-none-eabi/lib/armv7e-m/fpu/libc_nano.a(lib_a-stdio.o)
                0x08003c0e                __sseek
 .text.__sclose
                0x08003c32        0x8 /home/yuan/gcc-arm-none-eabi-5_4-2016q3/bin/../lib/gcc/arm-none-eabi/5.4.1/../../../../arm-none-eabi/lib/armv7e-m/fpu/libc_nano.a(lib_a-stdio.o)
                0x08003c32                __sclose
 *fill*         0x08003c3a        0x2 
 .text._write_r
                0x08003c3c       0x24 /home/yuan/gcc-arm-none-eabi-5_4-2016q3/bin/../lib/gcc/arm-none-eabi/5.4.1/../../../../arm-none-eabi/lib/armv7e-m/fpu/libc_nano.a(lib_a-writer.o)
                0x08003c3c                _write_r
 .text._close_r
                0x08003c60       0x20 /home/yuan/gcc-arm-none-eabi-5_4-2016q3/bin/../lib/gcc/arm-none-eabi/5.4.1/../../../../arm-none-eabi/lib/armv7e-m/fpu/libc_nano.a(lib_a-closer.o)
                0x08003c60                _close_r
 .text._fstat_r
                0x08003c80       0x24 /home/yuan/gcc-arm-none-eabi-5_4-2016q3/bin/../lib/gcc/arm-none-eabi/5.4.1/../../../../arm-none-eabi/lib/armv7e-m/fpu/libc_nano.a(lib_a-fstatr.o)
                0x08003c80                _fstat_r
 .text._isatty_r
                0x08003ca4       0x20 /home/yuan/gcc-arm-none-eabi-5_4-2016q3/bin/../lib/gcc/arm-none-eabi/5.4.1/../../../../arm-none-eabi/lib/armv7e-m/fpu/libc_nano.a(lib_a-isattyr.o)
                0x08003ca4                _isatty_r
 .text._lseek_r
                0x08003cc4       0x24 /home/yuan/gcc-arm-none-eabi-5_4-2016q3/bin/../lib/gcc/arm-none-eabi/5.4.1/../../../../arm-none-eabi/lib/armv7e-m/fpu/libc_nano.a(lib_a-lseekr.o)
                0x08003cc4                _lseek_r
 .text.__malloc_lock
                0x08003ce8        0x2 /home/yuan/gcc-arm-none-eabi-5_4-2016q3/bin/../lib/gcc/arm-none-eabi/5.4.1/../../../../arm-none-eabi/lib/armv7e-m/fpu/libc_nano.a(lib_a-mlock.o)
                0x08003ce8                __malloc_lock
 .text.__malloc_unlock
                0x08003cea        0x2 /home/yuan/gcc-arm-none-eabi-5_4-2016q3/bin/../lib/gcc/arm-none-eabi/5.4.1/../../../../arm-none-eabi/lib/armv7e-m/fpu/libc_nano.a(lib_a-mlock.o)
                0x08003cea                __malloc_unlock
 .text._read_r  0x08003cec       0x24 /home/yuan/gcc-arm-none-eabi-5_4-2016q3/bin/../lib/gcc/arm-none-eabi/5.4.1/../../../../arm-none-eabi/lib/armv7e-m/fpu/libc_nano.a(lib_a-readr.o)
                0x08003cec                _read_r
 .text._close   0x08003d10       0x10 /home/yuan/gcc-arm-none-eabi-5_4-2016q3/bin/../lib/gcc/arm-none-eabi/5.4.1/../../../../arm-none-eabi/lib/armv7e-m/fpu/libnosys.a(close.o)
                0x08003d10                _close
 .text._fstat   0x08003d20       0x10 /home/yuan/gcc-arm-none-eabi-5_4-2016q3/bin/../lib/gcc/arm-none-eabi/5.4.1/../../../../arm-none-eabi/lib/armv7e-m/fpu/libnosys.a(fstat.o)
                0x08003d20                _fstat
 .text._isatty  0x08003d30       0x10 /home/yuan/gcc-arm-none-eabi-5_4-2016q3/bin/../lib/gcc/arm-none-eabi/5.4.1/../../../../arm-none-eabi/lib/armv7e-m/fpu/libnosys.a(isatty.o)
                0x08003d30                _isatty
 .text._lseek   0x08003d40       0x10 /home/yuan/gcc-arm-none-eabi-5_4-2016q3/bin/../lib/gcc/arm-none-eabi/5.4.1/../../../../arm-none-eabi/lib/armv7e-m/fpu/libnosys.a(lseek.o)
                0x08003d40                _lseek
 .text._read    0x08003d50       0x10 /home/yuan/gcc-arm-none-eabi-5_4-2016q3/bin/../lib/gcc/arm-none-eabi/5.4.1/../../../../arm-none-eabi/lib/armv7e-m/fpu/libnosys.a(read.o)
                0x08003d50                _read
 .text._sbrk    0x08003d60       0x1c /home/yuan/gcc-arm-none-eabi-5_4-2016q3/bin/../lib/gcc/arm-none-eabi/5.4.1/../../../../arm-none-eabi/lib/armv7e-m/fpu/libnosys.a(sbrk.o)
                0x08003d60                _sbrk
 *(.glue_7)
 .glue_7        0x08003d7c        0x0 linker stubs
 *(.glue_7t)
 .glue_7t       0x08003d7c        0x0 linker stubs
 *(.eh_frame)
 .eh_frame      0x08003d7c        0x0 /home/yuan/gcc-arm-none-eabi-5_4-2016q3/bin/../lib/gcc/arm-none-eabi/5.4.1/armv7e-m/fpu/crtbegin.o
 *(.init)
 .init          0x08003d7c        0x4 /home/yuan/gcc-arm-none-eabi-5_4-2016q3/bin/../lib/gcc/arm-none-eabi/5.4.1/armv7e-m/fpu/crti.o
                0x08003d7c                _init
 .init          0x08003d80        0x8 /home/yuan/gcc-arm-none-eabi-5_4-2016q3/bin/../lib/gcc/arm-none-eabi/5.4.1/armv7e-m/fpu/crtn.o
 *(.fini)
 .fini          0x08003d88        0x4 /home/yuan/gcc-arm-none-eabi-5_4-2016q3/bin/../lib/gcc/arm-none-eabi/5.4.1/armv7e-m/fpu/crti.o
                0x08003d88                _fini
 .fini          0x08003d8c        0x8 /home/yuan/gcc-arm-none-eabi-5_4-2016q3/bin/../lib/gcc/arm-none-eabi/5.4.1/armv7e-m/fpu/crtn.o
                0x08003d98                . = ALIGN (0x8)
 *fill*         0x08003d94        0x4 
                0x08003d98                _etext = .

.vfp11_veneer   0x08003d98        0x0
 .vfp11_veneer  0x08003d98        0x0 linker stubs

.v4_bx          0x08003d98        0x0
 .v4_bx         0x08003d98        0x0 linker stubs

.iplt           0x08003d98        0x0
 .iplt          0x08003d98        0x0 /home/yuan/gcc-arm-none-eabi-5_4-2016q3/bin/../lib/gcc/arm-none-eabi/5.4.1/armv7e-m/fpu/crtbegin.o

.rodata         0x08003d98      0xec0
                0x08003d98                . = ALIGN (0x8)
 *(.rodata)
 *(.rodata*)
 .rodata.Font11x18
                0x08003d98      0xd5c Build/ssd1306_fonts.o
 .rodata.str1.4
                0x08004af4       0x80 Build/board.o
                                 0x7f (size before relaxing)
 .rodata.AHBPrescTable
                0x08004b74       0x10 Build/system_stm32l4xx.o
                0x08004b74                AHBPrescTable
 .rodata.APBPrescTable
                0x08004b84        0x8 Build/system_stm32l4xx.o
                0x08004b84                APBPrescTable
 .rodata.MSIRangeTable
                0x08004b8c       0x30 Build/system_stm32l4xx.o
                0x08004b8c                MSIRangeTable
 .rodata._global_impure_ptr
                0x08004bbc        0x4 /home/yuan/gcc-arm-none-eabi-5_4-2016q3/bin/../lib/gcc/arm-none-eabi/5.4.1/../../../../arm-none-eabi/lib/armv7e-m/fpu/libc_nano.a(lib_a-impure.o)
                0x08004bbc                _global_impure_ptr
 .rodata.__sf_fake_stdin
                0x08004bc0       0x20 /home/yuan/gcc-arm-none-eabi-5_4-2016q3/bin/../lib/gcc/arm-none-eabi/5.4.1/../../../../arm-none-eabi/lib/armv7e-m/fpu/libc_nano.a(lib_a-findfp.o)
                0x08004bc0                __sf_fake_stdin
 .rodata.__sf_fake_stdout
                0x08004be0       0x20 /home/yuan/gcc-arm-none-eabi-5_4-2016q3/bin/../lib/gcc/arm-none-eabi/5.4.1/../../../../arm-none-eabi/lib/armv7e-m/fpu/libc_nano.a(lib_a-findfp.o)
                0x08004be0                __sf_fake_stdout
 .rodata.__sf_fake_stderr
                0x08004c00       0x20 /home/yuan/gcc-arm-none-eabi-5_4-2016q3/bin/../lib/gcc/arm-none-eabi/5.4.1/../../../../arm-none-eabi/lib/armv7e-m/fpu/libc_nano.a(lib_a-findfp.o)
                0x08004c00                __sf_fake_stderr
 .rodata.str1.1
                0x08004c20       0x11 /home/yuan/gcc-arm-none-eabi-5_4-2016q3/bin/../lib/gcc/arm-none-eabi/5.4.1/../../../../arm-none-eabi/lib/armv7e-m/fpu/libc_nano.a(lib_a-nano-vfprintf.o)
 .rodata.str1.1
                0x08004c31       0x22 /home/yuan/gcc-arm-none-eabi-5_4-2016q3/bin/../lib/gcc/arm-none-eabi/5.4.1/../../../../arm-none-eabi/lib/armv7e-m/fpu/libc_nano.a(lib_a-nano-vfprintf_i.o)
                0x08004c58                . = ALIGN (0x8)
 *fill*         0x08004c53        0x5 

.ARM.extab      0x08004c58        0x0
                0x08004c58                . = ALIGN (0x8)
 *(.ARM.extab* .gnu.linkonce.armextab.*)
                0x08004c58                . = ALIGN (0x8)

.ARM            0x08004c58        0x8
                0x08004c58                . = ALIGN (0x8)
                0x08004c58                __exidx_start = .
 *(.ARM.exidx*)
 .ARM.exidx     0x08004c58        0x8 /home/yuan/gcc-arm-none-eabi-5_4-2016q3/bin/../lib/gcc/arm-none-eabi/5.4.1/armv7e-m/fpu/libgcc.a(_udivmoddi4.o)
                0x08004c60                __exidx_end = .
                0x08004c60                . = ALIGN (0x8)

.rel.dyn        0x08004c60        0x0
 .rel.iplt      0x08004c60        0x0 /home/yuan/gcc-arm-none-eabi-5_4-2016q3/bin/../lib/gcc/arm-none-eabi/5.4.1/armv7e-m/fpu/crtbegin.o

.preinit_array  0x08004c60        0x0
                0x08004c60                . = ALIGN (0x8)
                0x08004c60                PROVIDE (__preinit_array_start, .)
 *(.preinit_array*)
                0x08004c60                PROVIDE (__preinit_array_end, .)
                0x08004c60                . = ALIGN (0x8)

.init_array     0x08004c60        0x8
                0x08004c60                . = ALIGN (0x8)
                0x08004c60                PROVIDE (__init_array_start, .)
 *(SORT(.init_array.*))
 *(.init_array*)
 .init_array    0x08004c60        0x4 /home/yuan/gcc-arm-none-eabi-5_4-2016q3/bin/../lib/gcc/arm-none-eabi/5.4.1/armv7e-m/fpu/crtbegin.o
                0x08004c64                PROVIDE (__init_array_end, .)
                0x08004c68                . = ALIGN (0x8)
 *fill*         0x08004c64        0x4 

.fini_array     0x08004c68        0x8
                0x08004c68                . = ALIGN (0x8)
                [!provide]                PROVIDE (__fini_array_start, .)
 *(SORT(.fini_array.*))
 *(.fini_array*)
 .fini_array    0x08004c68        0x4 /home/yuan/gcc-arm-none-eabi-5_4-2016q3/bin/../lib/gcc/arm-none-eabi/5.4.1/armv7e-m/fpu/crtbegin.o
                [!provide]                PROVIDE (__fini_array_end, .)
                0x08004c70                . = ALIGN (0x8)
 *fill*         0x08004c6c        0x4 
                0x08004c70                _sidata = LOADADDR (.data)

.data           0x20000000       0xa0 load address 0x08004c70
                0x20000000                . = ALIGN (0x8)
                0x20000000                _sdata = .
 *(.data)
 *(.data*)
 .data.Font_11x18
                0x20000000        0x8 Build/ssd1306_fonts.o
                0x20000000                Font_11x18
 .data.line_2_str
                0x20000008        0xa Build/board.o
 *fill*         0x20000012        0x2 
 .data.line_3_str
                0x20000014        0xa Build/board.o
 *fill*         0x2000001e        0x2 
 .data.line_1_str
                0x20000020        0xa Build/board.o
 *fill*         0x2000002a        0x2 
 .data.uwTickPrio
                0x2000002c        0x4 Build/stm32l4xx_hal.o
                0x2000002c                uwTickPrio
 .data.uwTickFreq
                0x20000030        0x1 Build/stm32l4xx_hal.o
                0x20000030                uwTickFreq
 *fill*         0x20000031        0x3 
 .data.SystemCoreClock
                0x20000034        0x4 Build/system_stm32l4xx.o
                0x20000034                SystemCoreClock
 .data.impure_data
                0x20000038       0x60 /home/yuan/gcc-arm-none-eabi-5_4-2016q3/bin/../lib/gcc/arm-none-eabi/5.4.1/../../../../arm-none-eabi/lib/armv7e-m/fpu/libc_nano.a(lib_a-impure.o)
 .data._impure_ptr
                0x20000098        0x4 /home/yuan/gcc-arm-none-eabi-5_4-2016q3/bin/../lib/gcc/arm-none-eabi/5.4.1/../../../../arm-none-eabi/lib/armv7e-m/fpu/libc_nano.a(lib_a-impure.o)
                0x20000098                _impure_ptr
                0x200000a0                . = ALIGN (0x8)
 *fill*         0x2000009c        0x4 
                0x200000a0                _edata = .

.jcr            0x200000a0        0x0 load address 0x08004d10
 .jcr           0x200000a0        0x0 /home/yuan/gcc-arm-none-eabi-5_4-2016q3/bin/../lib/gcc/arm-none-eabi/5.4.1/armv7e-m/fpu/crtbegin.o

.igot.plt       0x200000a0        0x0 load address 0x08004d10
 .igot.plt      0x200000a0        0x0 /home/yuan/gcc-arm-none-eabi-5_4-2016q3/bin/../lib/gcc/arm-none-eabi/5.4.1/armv7e-m/fpu/crtbegin.o
                0x200000a0                . = ALIGN (0x4)

.bss            0x200000a0      0x510 load address 0x08004d10
                0x200000a0                _sbss = .
                0x200000a0                __bss_start__ = _sbss
 *(.bss)
 .bss           0x200000a0       0x1c /home/yuan/gcc-arm-none-eabi-5_4-2016q3/bin/../lib/gcc/arm-none-eabi/5.4.1/armv7e-m/fpu/crtbegin.o
 *(.bss*)
 .bss.SSD1306_Buffer
                0x200000bc      0x400 Build/ssd1306.o
 .bss.SSD1306   0x200004bc        0x6 Build/ssd1306.o
 *fill*         0x200004c2        0x2 
 .bss.__malloc_sbrk_start
                0x200004c4        0x4 /home/yuan/gcc-arm-none-eabi-5_4-2016q3/bin/../lib/gcc/arm-none-eabi/5.4.1/../../../../arm-none-eabi/lib/armv7e-m/fpu/libc_nano.a(lib_a-nano-mallocr.o)
                0x200004c4                __malloc_sbrk_start
 .bss.__malloc_free_list
                0x200004c8        0x4 /home/yuan/gcc-arm-none-eabi-5_4-2016q3/bin/../lib/gcc/arm-none-eabi/5.4.1/../../../../arm-none-eabi/lib/armv7e-m/fpu/libc_nano.a(lib_a-nano-mallocr.o)
                0x200004c8                __malloc_free_list
 .bss.heap_end.4169
                0x200004cc        0x4 /home/yuan/gcc-arm-none-eabi-5_4-2016q3/bin/../lib/gcc/arm-none-eabi/5.4.1/../../../../arm-none-eabi/lib/armv7e-m/fpu/libnosys.a(sbrk.o)
 *(COMMON)
 COMMON         0x200004d0       0xd8 Build/main.o
                0x200004d0                hi2c1
                0x20000524                huart1
 COMMON         0x200005a8        0x4 Build/stm32l4xx_hal.o
                0x200005a8                uwTick
 COMMON         0x200005ac        0x4 /home/yuan/gcc-arm-none-eabi-5_4-2016q3/bin/../lib/gcc/arm-none-eabi/5.4.1/../../../../arm-none-eabi/lib/armv7e-m/fpu/libc_nano.a(lib_a-reent.o)
                0x200005ac                errno
                0x200005b0                . = ALIGN (0x4)
                0x200005b0                _ebss = .
                0x200005b0                __bss_end__ = _ebss

._user_heap_stack
                0x200005b0      0x600 load address 0x08004d10
                0x200005b0                . = ALIGN (0x8)
                0x200005b0                PROVIDE (end, .)
                [!provide]                PROVIDE (_end, .)
                0x200007b0                . = (. + _Min_Heap_Size)
 *fill*         0x200005b0      0x200 
                0x20000bb0                . = (. + _Min_Stack_Size)
 *fill*         0x200007b0      0x400 
                0x20000bb0                . = ALIGN (0x8)

/DISCARD/
 libc.a(*)
 libm.a(*)
 libgcc.a(*)

.ARM.attributes
                0x00000000       0x30
 *(.ARM.attributes)
 .ARM.attributes
                0x00000000       0x22 /home/yuan/gcc-arm-none-eabi-5_4-2016q3/bin/../lib/gcc/arm-none-eabi/5.4.1/armv7e-m/fpu/crti.o
 .ARM.attributes
                0x00000022       0x34 /home/yuan/gcc-arm-none-eabi-5_4-2016q3/bin/../lib/gcc/arm-none-eabi/5.4.1/armv7e-m/fpu/crtbegin.o
 .ARM.attributes
                0x00000056       0x39 Build/ssd1306.o
 .ARM.attributes
                0x0000008f       0x39 Build/ssd1306_fonts.o
 .ARM.attributes
                0x000000c8       0x39 Build/main.o
 .ARM.attributes
                0x00000101       0x39 Build/board.o
 .ARM.attributes
                0x0000013a       0x39 Build/stm32l4xx_it.o
 .ARM.attributes
                0x00000173       0x39 Build/stm32l4xx_hal_msp.o
 .ARM.attributes
                0x000001ac       0x39 Build/stm32l4xx_hal_i2c.o
 .ARM.attributes
                0x000001e5       0x39 Build/stm32l4xx_hal_i2c_ex.o
 .ARM.attributes
                0x0000021e       0x39 Build/stm32l4xx_hal.o
 .ARM.attributes
                0x00000257       0x39 Build/stm32l4xx_hal_rcc.o
 .ARM.attributes
                0x00000290       0x39 Build/stm32l4xx_hal_rcc_ex.o
 .ARM.attributes
                0x000002c9       0x39 Build/stm32l4xx_hal_gpio.o
 .ARM.attributes
                0x00000302       0x39 Build/stm32l4xx_hal_pwr_ex.o
 .ARM.attributes
                0x0000033b       0x39 Build/stm32l4xx_hal_cortex.o
 .ARM.attributes
                0x00000374       0x39 Build/stm32l4xx_hal_uart.o
 .ARM.attributes
                0x000003ad       0x39 Build/system_stm32l4xx.o
 .ARM.attributes
                0x000003e6       0x21 Build/startup_stm32l431xx.o
 .ARM.attributes
                0x00000407       0x34 /home/yuan/gcc-arm-none-eabi-5_4-2016q3/bin/../lib/gcc/arm-none-eabi/5.4.1/../../../../arm-none-eabi/lib/armv7e-m/fpu/libc_nano.a(lib_a-impure.o)
 .ARM.attributes
                0x0000043b       0x34 /home/yuan/gcc-arm-none-eabi-5_4-2016q3/bin/../lib/gcc/arm-none-eabi/5.4.1/../../../../arm-none-eabi/lib/armv7e-m/fpu/libc_nano.a(lib_a-init.o)
 .ARM.attributes
                0x0000046f       0x34 /home/yuan/gcc-arm-none-eabi-5_4-2016q3/bin/../lib/gcc/arm-none-eabi/5.4.1/../../../../arm-none-eabi/lib/armv7e-m/fpu/libc_nano.a(lib_a-memset.o)
 .ARM.attributes
                0x000004a3       0x34 /home/yuan/gcc-arm-none-eabi-5_4-2016q3/bin/../lib/gcc/arm-none-eabi/5.4.1/../../../../arm-none-eabi/lib/armv7e-m/fpu/libc_nano.a(lib_a-printf.o)
 .ARM.attributes
                0x000004d7       0x34 /home/yuan/gcc-arm-none-eabi-5_4-2016q3/bin/../lib/gcc/arm-none-eabi/5.4.1/../../../../arm-none-eabi/lib/armv7e-m/fpu/libc_nano.a(lib_a-putchar.o)
 .ARM.attributes
                0x0000050b       0x34 /home/yuan/gcc-arm-none-eabi-5_4-2016q3/bin/../lib/gcc/arm-none-eabi/5.4.1/../../../../arm-none-eabi/lib/armv7e-m/fpu/libc_nano.a(lib_a-puts.o)
 .ARM.attributes
                0x0000053f       0x34 /home/yuan/gcc-arm-none-eabi-5_4-2016q3/bin/../lib/gcc/arm-none-eabi/5.4.1/../../../../arm-none-eabi/lib/armv7e-m/fpu/libc_nano.a(lib_a-wbuf.o)
 .ARM.attributes
                0x00000573       0x34 /home/yuan/gcc-arm-none-eabi-5_4-2016q3/bin/../lib/gcc/arm-none-eabi/5.4.1/../../../../arm-none-eabi/lib/armv7e-m/fpu/libc_nano.a(lib_a-wsetup.o)
 .ARM.attributes
                0x000005a7       0x34 /home/yuan/gcc-arm-none-eabi-5_4-2016q3/bin/../lib/gcc/arm-none-eabi/5.4.1/../../../../arm-none-eabi/lib/armv7e-m/fpu/libc_nano.a(lib_a-fflush.o)
 .ARM.attributes
                0x000005db       0x34 /home/yuan/gcc-arm-none-eabi-5_4-2016q3/bin/../lib/gcc/arm-none-eabi/5.4.1/../../../../arm-none-eabi/lib/armv7e-m/fpu/libc_nano.a(lib_a-findfp.o)
 .ARM.attributes
                0x0000060f       0x34 /home/yuan/gcc-arm-none-eabi-5_4-2016q3/bin/../lib/gcc/arm-none-eabi/5.4.1/../../../../arm-none-eabi/lib/armv7e-m/fpu/libc_nano.a(lib_a-fwalk.o)
 .ARM.attributes
                0x00000643       0x34 /home/yuan/gcc-arm-none-eabi-5_4-2016q3/bin/../lib/gcc/arm-none-eabi/5.4.1/../../../../arm-none-eabi/lib/armv7e-m/fpu/libc_nano.a(lib_a-makebuf.o)
 .ARM.attributes
                0x00000677       0x34 /home/yuan/gcc-arm-none-eabi-5_4-2016q3/bin/../lib/gcc/arm-none-eabi/5.4.1/../../../../arm-none-eabi/lib/armv7e-m/fpu/libc_nano.a(lib_a-nano-freer.o)
 .ARM.attributes
                0x000006ab       0x34 /home/yuan/gcc-arm-none-eabi-5_4-2016q3/bin/../lib/gcc/arm-none-eabi/5.4.1/../../../../arm-none-eabi/lib/armv7e-m/fpu/libc_nano.a(lib_a-nano-mallocr.o)
 .ARM.attributes
                0x000006df       0x34 /home/yuan/gcc-arm-none-eabi-5_4-2016q3/bin/../lib/gcc/arm-none-eabi/5.4.1/../../../../arm-none-eabi/lib/armv7e-m/fpu/libc_nano.a(lib_a-nano-vfprintf.o)
 .ARM.attributes
                0x00000713       0x34 /home/yuan/gcc-arm-none-eabi-5_4-2016q3/bin/../lib/gcc/arm-none-eabi/5.4.1/../../../../arm-none-eabi/lib/armv7e-m/fpu/libc_nano.a(lib_a-nano-vfprintf_i.o)
 .ARM.attributes
                0x00000747       0x34 /home/yuan/gcc-arm-none-eabi-5_4-2016q3/bin/../lib/gcc/arm-none-eabi/5.4.1/../../../../arm-none-eabi/lib/armv7e-m/fpu/libc_nano.a(lib_a-putc.o)
 .ARM.attributes
                0x0000077b       0x34 /home/yuan/gcc-arm-none-eabi-5_4-2016q3/bin/../lib/gcc/arm-none-eabi/5.4.1/../../../../arm-none-eabi/lib/armv7e-m/fpu/libc_nano.a(lib_a-sbrkr.o)
 .ARM.attributes
                0x000007af       0x34 /home/yuan/gcc-arm-none-eabi-5_4-2016q3/bin/../lib/gcc/arm-none-eabi/5.4.1/../../../../arm-none-eabi/lib/armv7e-m/fpu/libc_nano.a(lib_a-stdio.o)
 .ARM.attributes
                0x000007e3       0x34 /home/yuan/gcc-arm-none-eabi-5_4-2016q3/bin/../lib/gcc/arm-none-eabi/5.4.1/../../../../arm-none-eabi/lib/armv7e-m/fpu/libc_nano.a(lib_a-writer.o)
 .ARM.attributes
                0x00000817       0x34 /home/yuan/gcc-arm-none-eabi-5_4-2016q3/bin/../lib/gcc/arm-none-eabi/5.4.1/../../../../arm-none-eabi/lib/armv7e-m/fpu/libc_nano.a(lib_a-closer.o)
 .ARM.attributes
                0x0000084b       0x34 /home/yuan/gcc-arm-none-eabi-5_4-2016q3/bin/../lib/gcc/arm-none-eabi/5.4.1/../../../../arm-none-eabi/lib/armv7e-m/fpu/libc_nano.a(lib_a-fstatr.o)
 .ARM.attributes
                0x0000087f       0x34 /home/yuan/gcc-arm-none-eabi-5_4-2016q3/bin/../lib/gcc/arm-none-eabi/5.4.1/../../../../arm-none-eabi/lib/armv7e-m/fpu/libc_nano.a(lib_a-isattyr.o)
 .ARM.attributes
                0x000008b3       0x34 /home/yuan/gcc-arm-none-eabi-5_4-2016q3/bin/../lib/gcc/arm-none-eabi/5.4.1/../../../../arm-none-eabi/lib/armv7e-m/fpu/libc_nano.a(lib_a-lseekr.o)
 .ARM.attributes
                0x000008e7       0x20 /home/yuan/gcc-arm-none-eabi-5_4-2016q3/bin/../lib/gcc/arm-none-eabi/5.4.1/../../../../arm-none-eabi/lib/armv7e-m/fpu/libc_nano.a(lib_a-memchr.o)
 .ARM.attributes
                0x00000907       0x34 /home/yuan/gcc-arm-none-eabi-5_4-2016q3/bin/../lib/gcc/arm-none-eabi/5.4.1/../../../../arm-none-eabi/lib/armv7e-m/fpu/libc_nano.a(lib_a-mlock.o)
 .ARM.attributes
                0x0000093b       0x34 /home/yuan/gcc-arm-none-eabi-5_4-2016q3/bin/../lib/gcc/arm-none-eabi/5.4.1/../../../../arm-none-eabi/lib/armv7e-m/fpu/libc_nano.a(lib_a-readr.o)
 .ARM.attributes
                0x0000096f       0x34 /home/yuan/gcc-arm-none-eabi-5_4-2016q3/bin/../lib/gcc/arm-none-eabi/5.4.1/../../../../arm-none-eabi/lib/armv7e-m/fpu/libc_nano.a(lib_a-reent.o)
 .ARM.attributes
                0x000009a3       0x34 /home/yuan/gcc-arm-none-eabi-5_4-2016q3/bin/../lib/gcc/arm-none-eabi/5.4.1/../../../../arm-none-eabi/lib/armv7e-m/fpu/libnosys.a(close.o)
 .ARM.attributes
                0x000009d7       0x34 /home/yuan/gcc-arm-none-eabi-5_4-2016q3/bin/../lib/gcc/arm-none-eabi/5.4.1/../../../../arm-none-eabi/lib/armv7e-m/fpu/libnosys.a(fstat.o)
 .ARM.attributes
                0x00000a0b       0x34 /home/yuan/gcc-arm-none-eabi-5_4-2016q3/bin/../lib/gcc/arm-none-eabi/5.4.1/../../../../arm-none-eabi/lib/armv7e-m/fpu/libnosys.a(isatty.o)
 .ARM.attributes
                0x00000a3f       0x34 /home/yuan/gcc-arm-none-eabi-5_4-2016q3/bin/../lib/gcc/arm-none-eabi/5.4.1/../../../../arm-none-eabi/lib/armv7e-m/fpu/libnosys.a(lseek.o)
 .ARM.attributes
                0x00000a73       0x34 /home/yuan/gcc-arm-none-eabi-5_4-2016q3/bin/../lib/gcc/arm-none-eabi/5.4.1/../../../../arm-none-eabi/lib/armv7e-m/fpu/libnosys.a(read.o)
 .ARM.attributes
                0x00000aa7       0x34 /home/yuan/gcc-arm-none-eabi-5_4-2016q3/bin/../lib/gcc/arm-none-eabi/5.4.1/../../../../arm-none-eabi/lib/armv7e-m/fpu/libnosys.a(sbrk.o)
 .ARM.attributes
                0x00000adb       0x22 /home/yuan/gcc-arm-none-eabi-5_4-2016q3/bin/../lib/gcc/arm-none-eabi/5.4.1/armv7e-m/fpu/libgcc.a(_aeabi_uldivmod.o)
 .ARM.attributes
                0x00000afd       0x34 /home/yuan/gcc-arm-none-eabi-5_4-2016q3/bin/../lib/gcc/arm-none-eabi/5.4.1/armv7e-m/fpu/libgcc.a(_udivmoddi4.o)
 .ARM.attributes
                0x00000b31       0x22 /home/yuan/gcc-arm-none-eabi-5_4-2016q3/bin/../lib/gcc/arm-none-eabi/5.4.1/armv7e-m/fpu/libgcc.a(_dvmd_tls.o)
 .ARM.attributes
                0x00000b53       0x22 /home/yuan/gcc-arm-none-eabi-5_4-2016q3/bin/../lib/gcc/arm-none-eabi/5.4.1/armv7e-m/fpu/crtn.o
OUTPUT(Build/L431RCT6_Demo.elf elf32-littlearm)

.debug_info     0x00000000    0x13fa5
 .debug_info    0x00000000     0x1711 Build/ssd1306.o
 .debug_info    0x00001711      0x12d Build/ssd1306_fonts.o
 .debug_info    0x0000183e     0x13c4 Build/main.o
 .debug_info    0x00002c02     0x103a Build/board.o
 .debug_info    0x00003c3c      0x259 Build/stm32l4xx_it.o
 .debug_info    0x00003e95     0x12a7 Build/stm32l4xx_hal_msp.o
 .debug_info    0x0000513c     0x3e79 Build/stm32l4xx_hal_i2c.o
 .debug_info    0x00008fb5      0xba0 Build/stm32l4xx_hal_i2c_ex.o
 .debug_info    0x00009b55      0xcb4 Build/stm32l4xx_hal.o
 .debug_info    0x0000a809     0x1005 Build/stm32l4xx_hal_rcc.o
 .debug_info    0x0000b80e     0x1339 Build/stm32l4xx_hal_rcc_ex.o
 .debug_info    0x0000cb47      0x951 Build/stm32l4xx_hal_gpio.o
 .debug_info    0x0000d498      0xacc Build/stm32l4xx_hal_pwr_ex.o
 .debug_info    0x0000df64     0x103b Build/stm32l4xx_hal_cortex.o
 .debug_info    0x0000ef9f     0x48c6 Build/stm32l4xx_hal_uart.o
 .debug_info    0x00013865      0x6d8 Build/system_stm32l4xx.o
 .debug_info    0x00013f3d       0x68 Build/startup_stm32l431xx.o

.debug_abbrev   0x00000000     0x22d4
 .debug_abbrev  0x00000000      0x382 Build/ssd1306.o
 .debug_abbrev  0x00000382       0x91 Build/ssd1306_fonts.o
 .debug_abbrev  0x00000413      0x248 Build/main.o
 .debug_abbrev  0x0000065b      0x23d Build/board.o
 .debug_abbrev  0x00000898      0x107 Build/stm32l4xx_it.o
 .debug_abbrev  0x0000099f      0x1dd Build/stm32l4xx_hal_msp.o
 .debug_abbrev  0x00000b7c      0x2a6 Build/stm32l4xx_hal_i2c.o
 .debug_abbrev  0x00000e22      0x1b6 Build/stm32l4xx_hal_i2c_ex.o
 .debug_abbrev  0x00000fd8      0x23d Build/stm32l4xx_hal.o
 .debug_abbrev  0x00001215      0x253 Build/stm32l4xx_hal_rcc.o
 .debug_abbrev  0x00001468      0x275 Build/stm32l4xx_hal_rcc_ex.o
 .debug_abbrev  0x000016dd      0x22b Build/stm32l4xx_hal_gpio.o
 .debug_abbrev  0x00001908      0x21c Build/stm32l4xx_hal_pwr_ex.o
 .debug_abbrev  0x00001b24      0x33e Build/stm32l4xx_hal_cortex.o
 .debug_abbrev  0x00001e62      0x30d Build/stm32l4xx_hal_uart.o
 .debug_abbrev  0x0000216f      0x153 Build/system_stm32l4xx.o
 .debug_abbrev  0x000022c2       0x12 Build/startup_stm32l431xx.o

.debug_loc      0x00000000     0xd54a
 .debug_loc     0x00000000      0xe5b Build/ssd1306.o
 .debug_loc     0x00000e5b       0xd1 Build/main.o
 .debug_loc     0x00000f2c      0x1d0 Build/board.o
 .debug_loc     0x000010fc       0x20 Build/stm32l4xx_it.o
 .debug_loc     0x0000111c      0x18f Build/stm32l4xx_hal_msp.o
 .debug_loc     0x000012ab     0x50df Build/stm32l4xx_hal_i2c.o
 .debug_loc     0x0000638a      0x25c Build/stm32l4xx_hal_i2c_ex.o
 .debug_loc     0x000065e6      0x2ed Build/stm32l4xx_hal.o
 .debug_loc     0x000068d3      0x8fc Build/stm32l4xx_hal_rcc.o
 .debug_loc     0x000071cf     0x185c Build/stm32l4xx_hal_rcc_ex.o
 .debug_loc     0x00008a2b      0x34e Build/stm32l4xx_hal_gpio.o
 .debug_loc     0x00008d79      0x806 Build/stm32l4xx_hal_pwr_ex.o
 .debug_loc     0x0000957f      0x5c0 Build/stm32l4xx_hal_cortex.o
 .debug_loc     0x00009b3f     0x3949 Build/stm32l4xx_hal_uart.o
 .debug_loc     0x0000d488       0xc2 Build/system_stm32l4xx.o

.debug_aranges  0x00000000      0xc28
 .debug_aranges
                0x00000000       0xd0 Build/ssd1306.o
 .debug_aranges
                0x000000d0       0x18 Build/ssd1306_fonts.o
 .debug_aranges
                0x000000e8       0x48 Build/main.o
 .debug_aranges
                0x00000130       0x48 Build/board.o
 .debug_aranges
                0x00000178       0x60 Build/stm32l4xx_it.o
 .debug_aranges
                0x000001d8       0x40 Build/stm32l4xx_hal_msp.o
 .debug_aranges
                0x00000218      0x2a0 Build/stm32l4xx_hal_i2c.o
 .debug_aranges
                0x000004b8       0x48 Build/stm32l4xx_hal_i2c_ex.o
 .debug_aranges
                0x00000500      0x130 Build/stm32l4xx_hal.o
 .debug_aranges
                0x00000630       0x90 Build/stm32l4xx_hal_rcc.o
 .debug_aranges
                0x000006c0       0xf0 Build/stm32l4xx_hal_rcc_ex.o
 .debug_aranges
                0x000007b0       0x58 Build/stm32l4xx_hal_gpio.o
 .debug_aranges
                0x00000808      0x100 Build/stm32l4xx_hal_pwr_ex.o
 .debug_aranges
                0x00000908       0xa8 Build/stm32l4xx_hal_cortex.o
 .debug_aranges
                0x000009b0      0x228 Build/stm32l4xx_hal_uart.o
 .debug_aranges
                0x00000bd8       0x28 Build/system_stm32l4xx.o
 .debug_aranges
                0x00000c00       0x28 Build/startup_stm32l431xx.o

.debug_ranges   0x00000000      0xb78
 .debug_ranges  0x00000000       0xd8 Build/ssd1306.o
 .debug_ranges  0x000000d8       0x38 Build/main.o
 .debug_ranges  0x00000110       0x38 Build/board.o
 .debug_ranges  0x00000148       0x50 Build/stm32l4xx_it.o
 .debug_ranges  0x00000198       0x30 Build/stm32l4xx_hal_msp.o
 .debug_ranges  0x000001c8      0x290 Build/stm32l4xx_hal_i2c.o
 .debug_ranges  0x00000458       0x38 Build/stm32l4xx_hal_i2c_ex.o
 .debug_ranges  0x00000490      0x120 Build/stm32l4xx_hal.o
 .debug_ranges  0x000005b0       0x98 Build/stm32l4xx_hal_rcc.o
 .debug_ranges  0x00000648       0xe0 Build/stm32l4xx_hal_rcc_ex.o
 .debug_ranges  0x00000728       0x48 Build/stm32l4xx_hal_gpio.o
 .debug_ranges  0x00000770       0xf0 Build/stm32l4xx_hal_pwr_ex.o
 .debug_ranges  0x00000860       0x98 Build/stm32l4xx_hal_cortex.o
 .debug_ranges  0x000008f8      0x248 Build/stm32l4xx_hal_uart.o
 .debug_ranges  0x00000b40       0x18 Build/system_stm32l4xx.o
 .debug_ranges  0x00000b58       0x20 Build/startup_stm32l431xx.o

.debug_line     0x00000000     0x6623
 .debug_line    0x00000000      0x571 Build/ssd1306.o
 .debug_line    0x00000571       0xfd Build/ssd1306_fonts.o
 .debug_line    0x0000066e      0x30c Build/main.o
 .debug_line    0x0000097a      0x308 Build/board.o
 .debug_line    0x00000c82      0x1da Build/stm32l4xx_it.o
 .debug_line    0x00000e5c      0x28f Build/stm32l4xx_hal_msp.o
 .debug_line    0x000010eb     0x1674 Build/stm32l4xx_hal_i2c.o
 .debug_line    0x0000275f      0x31b Build/stm32l4xx_hal_i2c_ex.o
 .debug_line    0x00002a7a      0x47e Build/stm32l4xx_hal.o
 .debug_line    0x00002ef8      0x5e7 Build/stm32l4xx_hal_rcc.o
 .debug_line    0x000034df      0x7bb Build/stm32l4xx_hal_rcc_ex.o
 .debug_line    0x00003c9a      0x2f8 Build/stm32l4xx_hal_gpio.o
 .debug_line    0x00003f92      0x524 Build/stm32l4xx_hal_pwr_ex.o
 .debug_line    0x000044b6      0x3cb Build/stm32l4xx_hal_cortex.o
 .debug_line    0x00004881     0x1b9f Build/stm32l4xx_hal_uart.o
 .debug_line    0x00006420      0x18d Build/system_stm32l4xx.o
 .debug_line    0x000065ad       0x76 Build/startup_stm32l431xx.o

.debug_str      0x00000000     0x3ee6
 .debug_str     0x00000000      0xa06 Build/ssd1306.o
                                0xb11 (size before relaxing)
 .debug_str     0x00000a06       0x36 Build/ssd1306_fonts.o
                                0x203 (size before relaxing)
 .debug_str     0x00000a3c      0x651 Build/main.o
                                0xd92 (size before relaxing)
 .debug_str     0x0000108d       0xbd Build/board.o
                                0xb03 (size before relaxing)
 .debug_str     0x0000114a       0xb4 Build/stm32l4xx_it.o
                                0x2df (size before relaxing)
 .debug_str     0x000011fe      0x26d Build/stm32l4xx_hal_msp.o
                                0xd5f (size before relaxing)
 .debug_str     0x0000146b      0x8b6 Build/stm32l4xx_hal_i2c.o
                               0x1078 (size before relaxing)
 .debug_str     0x00001d21       0xe8 Build/stm32l4xx_hal_i2c_ex.o
                                0x9af (size before relaxing)
 .debug_str     0x00001e09      0x857 Build/stm32l4xx_hal.o
                                0xcaa (size before relaxing)
 .debug_str     0x00002660      0x2cb Build/stm32l4xx_hal_rcc.o
                                0x8f5 (size before relaxing)
 .debug_str     0x0000292b      0x4bd Build/stm32l4xx_hal_rcc_ex.o
                                0xc26 (size before relaxing)
 .debug_str     0x00002de8       0xc2 Build/stm32l4xx_hal_gpio.o
                                0x5da (size before relaxing)
 .debug_str     0x00002eaa      0x41a Build/stm32l4xx_hal_pwr_ex.o
                                0x7ca (size before relaxing)
 .debug_str     0x000032c4      0x441 Build/stm32l4xx_hal_cortex.o
                                0xbc7 (size before relaxing)
 .debug_str     0x00003705      0x7a4 Build/stm32l4xx_hal_uart.o
                               0x107a (size before relaxing)
 .debug_str     0x00003ea9       0x3d Build/system_stm32l4xx.o
                                0x478 (size before relaxing)

.comment        0x00000000       0x6e
 .comment       0x00000000       0x6e Build/ssd1306.o
                                 0x6f (size before relaxing)
 .comment       0x0000006e       0x6f Build/ssd1306_fonts.o
 .comment       0x0000006e       0x6f Build/main.o
 .comment       0x0000006e       0x6f Build/board.o
 .comment       0x0000006e       0x6f Build/stm32l4xx_it.o
 .comment       0x0000006e       0x6f Build/stm32l4xx_hal_msp.o
 .comment       0x0000006e       0x6f Build/stm32l4xx_hal_i2c.o
 .comment       0x0000006e       0x6f Build/stm32l4xx_hal_i2c_ex.o
 .comment       0x0000006e       0x6f Build/stm32l4xx_hal.o
 .comment       0x0000006e       0x6f Build/stm32l4xx_hal_rcc.o
 .comment       0x0000006e       0x6f Build/stm32l4xx_hal_rcc_ex.o
 .comment       0x0000006e       0x6f Build/stm32l4xx_hal_gpio.o
 .comment       0x0000006e       0x6f Build/stm32l4xx_hal_pwr_ex.o
 .comment       0x0000006e       0x6f Build/stm32l4xx_hal_cortex.o
 .comment       0x0000006e       0x6f Build/stm32l4xx_hal_uart.o
 .comment       0x0000006e       0x6f Build/system_stm32l4xx.o

.debug_frame    0x00000000     0x2c38
 .debug_frame   0x00000000      0x35c Build/ssd1306.o
 .debug_frame   0x0000035c       0xb8 Build/main.o
 .debug_frame   0x00000414       0xbc Build/board.o
 .debug_frame   0x000004d0       0xac Build/stm32l4xx_it.o
 .debug_frame   0x0000057c       0xa4 Build/stm32l4xx_hal_msp.o
 .debug_frame   0x00000620      0xa80 Build/stm32l4xx_hal_i2c.o
 .debug_frame   0x000010a0       0x80 Build/stm32l4xx_hal_i2c_ex.o
 .debug_frame   0x00001120      0x29c Build/stm32l4xx_hal.o
 .debug_frame   0x000013bc      0x1d4 Build/stm32l4xx_hal_rcc.o
 .debug_frame   0x00001590      0x26c Build/stm32l4xx_hal_rcc_ex.o
 .debug_frame   0x000017fc       0xd4 Build/stm32l4xx_hal_gpio.o
 .debug_frame   0x000018d0      0x204 Build/stm32l4xx_hal_pwr_ex.o
 .debug_frame   0x00001ad4      0x164 Build/stm32l4xx_hal_cortex.o
 .debug_frame   0x00001c38      0x6c4 Build/stm32l4xx_hal_uart.o
 .debug_frame   0x000022fc       0x30 Build/system_stm32l4xx.o
 .debug_frame   0x0000232c       0x2c /home/yuan/gcc-arm-none-eabi-5_4-2016q3/bin/../lib/gcc/arm-none-eabi/5.4.1/../../../../arm-none-eabi/lib/armv7e-m/fpu/libc_nano.a(lib_a-init.o)
 .debug_frame   0x00002358       0x20 /home/yuan/gcc-arm-none-eabi-5_4-2016q3/bin/../lib/gcc/arm-none-eabi/5.4.1/../../../../arm-none-eabi/lib/armv7e-m/fpu/libc_nano.a(lib_a-memset.o)
 .debug_frame   0x00002378       0x74 /home/yuan/gcc-arm-none-eabi-5_4-2016q3/bin/../lib/gcc/arm-none-eabi/5.4.1/../../../../arm-none-eabi/lib/armv7e-m/fpu/libc_nano.a(lib_a-printf.o)
 .debug_frame   0x000023ec       0x58 /home/yuan/gcc-arm-none-eabi-5_4-2016q3/bin/../lib/gcc/arm-none-eabi/5.4.1/../../../../arm-none-eabi/lib/armv7e-m/fpu/libc_nano.a(lib_a-putchar.o)
 .debug_frame   0x00002444       0x3c /home/yuan/gcc-arm-none-eabi-5_4-2016q3/bin/../lib/gcc/arm-none-eabi/5.4.1/../../../../arm-none-eabi/lib/armv7e-m/fpu/libc_nano.a(lib_a-puts.o)
 .debug_frame   0x00002480       0x40 /home/yuan/gcc-arm-none-eabi-5_4-2016q3/bin/../lib/gcc/arm-none-eabi/5.4.1/../../../../arm-none-eabi/lib/armv7e-m/fpu/libc_nano.a(lib_a-wbuf.o)
 .debug_frame   0x000024c0       0x2c /home/yuan/gcc-arm-none-eabi-5_4-2016q3/bin/../lib/gcc/arm-none-eabi/5.4.1/../../../../arm-none-eabi/lib/armv7e-m/fpu/libc_nano.a(lib_a-wsetup.o)
 .debug_frame   0x000024ec       0x68 /home/yuan/gcc-arm-none-eabi-5_4-2016q3/bin/../lib/gcc/arm-none-eabi/5.4.1/../../../../arm-none-eabi/lib/armv7e-m/fpu/libc_nano.a(lib_a-fflush.o)
 .debug_frame   0x00002554      0x11c /home/yuan/gcc-arm-none-eabi-5_4-2016q3/bin/../lib/gcc/arm-none-eabi/5.4.1/../../../../arm-none-eabi/lib/armv7e-m/fpu/libc_nano.a(lib_a-findfp.o)
 .debug_frame   0x00002670       0x54 /home/yuan/gcc-arm-none-eabi-5_4-2016q3/bin/../lib/gcc/arm-none-eabi/5.4.1/../../../../arm-none-eabi/lib/armv7e-m/fpu/libc_nano.a(lib_a-fwalk.o)
 .debug_frame   0x000026c4       0x54 /home/yuan/gcc-arm-none-eabi-5_4-2016q3/bin/../lib/gcc/arm-none-eabi/5.4.1/../../../../arm-none-eabi/lib/armv7e-m/fpu/libc_nano.a(lib_a-makebuf.o)
 .debug_frame   0x00002718       0x38 /home/yuan/gcc-arm-none-eabi-5_4-2016q3/bin/../lib/gcc/arm-none-eabi/5.4.1/../../../../arm-none-eabi/lib/armv7e-m/fpu/libc_nano.a(lib_a-nano-freer.o)
 .debug_frame   0x00002750       0x2c /home/yuan/gcc-arm-none-eabi-5_4-2016q3/bin/../lib/gcc/arm-none-eabi/5.4.1/../../../../arm-none-eabi/lib/armv7e-m/fpu/libc_nano.a(lib_a-nano-mallocr.o)
 .debug_frame   0x0000277c       0xac /home/yuan/gcc-arm-none-eabi-5_4-2016q3/bin/../lib/gcc/arm-none-eabi/5.4.1/../../../../arm-none-eabi/lib/armv7e-m/fpu/libc_nano.a(lib_a-nano-vfprintf.o)
 .debug_frame   0x00002828       0x60 /home/yuan/gcc-arm-none-eabi-5_4-2016q3/bin/../lib/gcc/arm-none-eabi/5.4.1/../../../../arm-none-eabi/lib/armv7e-m/fpu/libc_nano.a(lib_a-nano-vfprintf_i.o)
 .debug_frame   0x00002888       0x48 /home/yuan/gcc-arm-none-eabi-5_4-2016q3/bin/../lib/gcc/arm-none-eabi/5.4.1/../../../../arm-none-eabi/lib/armv7e-m/fpu/libc_nano.a(lib_a-putc.o)
 .debug_frame   0x000028d0       0x2c /home/yuan/gcc-arm-none-eabi-5_4-2016q3/bin/../lib/gcc/arm-none-eabi/5.4.1/../../../../arm-none-eabi/lib/armv7e-m/fpu/libc_nano.a(lib_a-sbrkr.o)
 .debug_frame   0x000028fc       0x88 /home/yuan/gcc-arm-none-eabi-5_4-2016q3/bin/../lib/gcc/arm-none-eabi/5.4.1/../../../../arm-none-eabi/lib/armv7e-m/fpu/libc_nano.a(lib_a-stdio.o)
 .debug_frame   0x00002984       0x2c /home/yuan/gcc-arm-none-eabi-5_4-2016q3/bin/../lib/gcc/arm-none-eabi/5.4.1/../../../../arm-none-eabi/lib/armv7e-m/fpu/libc_nano.a(lib_a-writer.o)
 .debug_frame   0x000029b0       0x2c /home/yuan/gcc-arm-none-eabi-5_4-2016q3/bin/../lib/gcc/arm-none-eabi/5.4.1/../../../../arm-none-eabi/lib/armv7e-m/fpu/libc_nano.a(lib_a-closer.o)
 .debug_frame   0x000029dc       0x2c /home/yuan/gcc-arm-none-eabi-5_4-2016q3/bin/../lib/gcc/arm-none-eabi/5.4.1/../../../../arm-none-eabi/lib/armv7e-m/fpu/libc_nano.a(lib_a-fstatr.o)
 .debug_frame   0x00002a08       0x2c /home/yuan/gcc-arm-none-eabi-5_4-2016q3/bin/../lib/gcc/arm-none-eabi/5.4.1/../../../../arm-none-eabi/lib/armv7e-m/fpu/libc_nano.a(lib_a-isattyr.o)
 .debug_frame   0x00002a34       0x2c /home/yuan/gcc-arm-none-eabi-5_4-2016q3/bin/../lib/gcc/arm-none-eabi/5.4.1/../../../../arm-none-eabi/lib/armv7e-m/fpu/libc_nano.a(lib_a-lseekr.o)
 .debug_frame   0x00002a60       0x30 /home/yuan/gcc-arm-none-eabi-5_4-2016q3/bin/../lib/gcc/arm-none-eabi/5.4.1/../../../../arm-none-eabi/lib/armv7e-m/fpu/libc_nano.a(lib_a-mlock.o)
 .debug_frame   0x00002a90       0x2c /home/yuan/gcc-arm-none-eabi-5_4-2016q3/bin/../lib/gcc/arm-none-eabi/5.4.1/../../../../arm-none-eabi/lib/armv7e-m/fpu/libc_nano.a(lib_a-readr.o)
 .debug_frame   0x00002abc       0x5c /home/yuan/gcc-arm-none-eabi-5_4-2016q3/bin/../lib/gcc/arm-none-eabi/5.4.1/../../../../arm-none-eabi/lib/armv7e-m/fpu/libc_nano.a(lib_a-reent.o)
 .debug_frame   0x00002b18       0x20 /home/yuan/gcc-arm-none-eabi-5_4-2016q3/bin/../lib/gcc/arm-none-eabi/5.4.1/../../../../arm-none-eabi/lib/armv7e-m/fpu/libnosys.a(close.o)
 .debug_frame   0x00002b38       0x20 /home/yuan/gcc-arm-none-eabi-5_4-2016q3/bin/../lib/gcc/arm-none-eabi/5.4.1/../../../../arm-none-eabi/lib/armv7e-m/fpu/libnosys.a(fstat.o)
 .debug_frame   0x00002b58       0x20 /home/yuan/gcc-arm-none-eabi-5_4-2016q3/bin/../lib/gcc/arm-none-eabi/5.4.1/../../../../arm-none-eabi/lib/armv7e-m/fpu/libnosys.a(isatty.o)
 .debug_frame   0x00002b78       0x20 /home/yuan/gcc-arm-none-eabi-5_4-2016q3/bin/../lib/gcc/arm-none-eabi/5.4.1/../../../../arm-none-eabi/lib/armv7e-m/fpu/libnosys.a(lseek.o)
 .debug_frame   0x00002b98       0x20 /home/yuan/gcc-arm-none-eabi-5_4-2016q3/bin/../lib/gcc/arm-none-eabi/5.4.1/../../../../arm-none-eabi/lib/armv7e-m/fpu/libnosys.a(read.o)
 .debug_frame   0x00002bb8       0x20 /home/yuan/gcc-arm-none-eabi-5_4-2016q3/bin/../lib/gcc/arm-none-eabi/5.4.1/../../../../arm-none-eabi/lib/armv7e-m/fpu/libnosys.a(sbrk.o)
 .debug_frame   0x00002bd8       0x2c /home/yuan/gcc-arm-none-eabi-5_4-2016q3/bin/../lib/gcc/arm-none-eabi/5.4.1/armv7e-m/fpu/libgcc.a(_aeabi_uldivmod.o)
 .debug_frame   0x00002c04       0x34 /home/yuan/gcc-arm-none-eabi-5_4-2016q3/bin/../lib/gcc/arm-none-eabi/5.4.1/armv7e-m/fpu/libgcc.a(_udivmoddi4.o)

.stab           0x00000000       0x84
 .stab          0x00000000       0x24 /home/yuan/gcc-arm-none-eabi-5_4-2016q3/bin/../lib/gcc/arm-none-eabi/5.4.1/../../../../arm-none-eabi/lib/armv7e-m/fpu/libnosys.a(close.o)
 .stab          0x00000024       0x18 /home/yuan/gcc-arm-none-eabi-5_4-2016q3/bin/../lib/gcc/arm-none-eabi/5.4.1/../../../../arm-none-eabi/lib/armv7e-m/fpu/libnosys.a(fstat.o)
                                 0x24 (size before relaxing)
 .stab          0x0000003c       0x18 /home/yuan/gcc-arm-none-eabi-5_4-2016q3/bin/../lib/gcc/arm-none-eabi/5.4.1/../../../../arm-none-eabi/lib/armv7e-m/fpu/libnosys.a(isatty.o)
                                 0x24 (size before relaxing)
 .stab          0x00000054       0x18 /home/yuan/gcc-arm-none-eabi-5_4-2016q3/bin/../lib/gcc/arm-none-eabi/5.4.1/../../../../arm-none-eabi/lib/armv7e-m/fpu/libnosys.a(lseek.o)
                                 0x24 (size before relaxing)
 .stab          0x0000006c       0x18 /home/yuan/gcc-arm-none-eabi-5_4-2016q3/bin/../lib/gcc/arm-none-eabi/5.4.1/../../../../arm-none-eabi/lib/armv7e-m/fpu/libnosys.a(read.o)
                                 0x24 (size before relaxing)

.stabstr        0x00000000      0x117
 .stabstr       0x00000000      0x117 /home/yuan/gcc-arm-none-eabi-5_4-2016q3/bin/../lib/gcc/arm-none-eabi/5.4.1/../../../../arm-none-eabi/lib/armv7e-m/fpu/libnosys.a(close.o)

Cross Reference Table

Symbol                                            File
ADC1_IRQHandler                                   Build/startup_stm32l431xx.o
AHBPrescTable                                     Build/system_stm32l4xx.o
                                                  Build/stm32l4xx_hal_rcc.o
APBPrescTable                                     Build/system_stm32l4xx.o
                                                  Build/stm32l4xx_hal_rcc.o
BOARD_Init                                        Build/board.o
                                                  Build/main.o
BOARD_Loop                                        Build/board.o
                                                  Build/main.o
BusFault_Handler                                  Build/stm32l4xx_it.o
CAN1_RX0_IRQHandler                               Build/startup_stm32l431xx.o
CAN1_RX1_IRQHandler                               Build/startup_stm32l431xx.o
CAN1_SCE_IRQHandler                               Build/startup_stm32l431xx.o
CAN1_TX_IRQHandler                                Build/startup_stm32l431xx.o
COMP_IRQHandler                                   Build/startup_stm32l431xx.o
CRS_IRQHandler                                    Build/startup_stm32l431xx.o
DMA1_Channel1_IRQHandler                          Build/startup_stm32l431xx.o
DMA1_Channel2_IRQHandler                          Build/startup_stm32l431xx.o
DMA1_Channel3_IRQHandler                          Build/startup_stm32l431xx.o
DMA1_Channel4_IRQHandler                          Build/startup_stm32l431xx.o
DMA1_Channel5_IRQHandler                          Build/startup_stm32l431xx.o
DMA1_Channel6_IRQHandler                          Build/startup_stm32l431xx.o
DMA1_Channel7_IRQHandler                          Build/startup_stm32l431xx.o
DMA2_Channel1_IRQHandler                          Build/startup_stm32l431xx.o
DMA2_Channel2_IRQHandler                          Build/startup_stm32l431xx.o
DMA2_Channel3_IRQHandler                          Build/startup_stm32l431xx.o
DMA2_Channel4_IRQHandler                          Build/startup_stm32l431xx.o
DMA2_Channel5_IRQHandler                          Build/startup_stm32l431xx.o
DMA2_Channel6_IRQHandler                          Build/startup_stm32l431xx.o
DMA2_Channel7_IRQHandler                          Build/startup_stm32l431xx.o
DebugMon_Handler                                  Build/stm32l4xx_it.o
Default_Handler                                   Build/startup_stm32l431xx.o
EXTI0_IRQHandler                                  Build/startup_stm32l431xx.o
EXTI15_10_IRQHandler                              Build/startup_stm32l431xx.o
EXTI1_IRQHandler                                  Build/startup_stm32l431xx.o
EXTI2_IRQHandler                                  Build/startup_stm32l431xx.o
EXTI3_IRQHandler                                  Build/startup_stm32l431xx.o
EXTI4_IRQHandler                                  Build/startup_stm32l431xx.o
EXTI9_5_IRQHandler                                Build/startup_stm32l431xx.o
Error_Handler                                     Build/main.o
                                                  Build/stm32l4xx_hal_msp.o
FLASH_FlushCaches                                 Build/stm32l4xx_hal_flash_ex.o
                                                  Build/stm32l4xx_hal_flash.o
FLASH_IRQHandler                                  Build/startup_stm32l431xx.o
FLASH_PageErase                                   Build/stm32l4xx_hal_flash_ex.o
                                                  Build/stm32l4xx_hal_flash.o
FLASH_WaitForLastOperation                        Build/stm32l4xx_hal_flash.o
                                                  Build/stm32l4xx_hal_flash_ex.o
FPU_IRQHandler                                    Build/startup_stm32l431xx.o
Font_11x18                                        Build/ssd1306_fonts.o
                                                  Build/board.o
HAL_DBGMCU_DisableDBGSleepMode                    Build/stm32l4xx_hal.o
HAL_DBGMCU_DisableDBGStandbyMode                  Build/stm32l4xx_hal.o
HAL_DBGMCU_DisableDBGStopMode                     Build/stm32l4xx_hal.o
HAL_DBGMCU_EnableDBGSleepMode                     Build/stm32l4xx_hal.o
HAL_DBGMCU_EnableDBGStandbyMode                   Build/stm32l4xx_hal.o
HAL_DBGMCU_EnableDBGStopMode                      Build/stm32l4xx_hal.o
HAL_DMA_Abort                                     Build/stm32l4xx_hal_dma.o
                                                  Build/stm32l4xx_hal_uart.o
HAL_DMA_Abort_IT                                  Build/stm32l4xx_hal_dma.o
                                                  Build/stm32l4xx_hal_uart.o
                                                  Build/stm32l4xx_hal_i2c.o
HAL_DMA_DeInit                                    Build/stm32l4xx_hal_dma.o
HAL_DMA_GetError                                  Build/stm32l4xx_hal_dma.o
                                                  Build/stm32l4xx_hal_uart.o
HAL_DMA_GetState                                  Build/stm32l4xx_hal_dma.o
                                                  Build/stm32l4xx_hal_i2c.o
HAL_DMA_IRQHandler                                Build/stm32l4xx_hal_dma.o
HAL_DMA_Init                                      Build/stm32l4xx_hal_dma.o
HAL_DMA_PollForTransfer                           Build/stm32l4xx_hal_dma.o
HAL_DMA_RegisterCallback                          Build/stm32l4xx_hal_dma.o
HAL_DMA_Start                                     Build/stm32l4xx_hal_dma.o
HAL_DMA_Start_IT                                  Build/stm32l4xx_hal_dma.o
                                                  Build/stm32l4xx_hal_uart.o
                                                  Build/stm32l4xx_hal_i2c.o
HAL_DMA_UnRegisterCallback                        Build/stm32l4xx_hal_dma.o
HAL_DeInit                                        Build/stm32l4xx_hal.o
HAL_Delay                                         Build/stm32l4xx_hal.o
                                                  Build/ssd1306.o
HAL_EXTI_ClearConfigLine                          Build/stm32l4xx_hal_exti.o
HAL_EXTI_ClearPending                             Build/stm32l4xx_hal_exti.o
HAL_EXTI_GenerateSWI                              Build/stm32l4xx_hal_exti.o
HAL_EXTI_GetConfigLine                            Build/stm32l4xx_hal_exti.o
HAL_EXTI_GetHandle                                Build/stm32l4xx_hal_exti.o
HAL_EXTI_GetPending                               Build/stm32l4xx_hal_exti.o
HAL_EXTI_IRQHandler                               Build/stm32l4xx_hal_exti.o
HAL_EXTI_RegisterCallback                         Build/stm32l4xx_hal_exti.o
HAL_EXTI_SetConfigLine                            Build/stm32l4xx_hal_exti.o
HAL_FLASHEx_DisableRunPowerDown                   Build/stm32l4xx_hal_flash_ramfunc.o
HAL_FLASHEx_EnableRunPowerDown                    Build/stm32l4xx_hal_flash_ramfunc.o
HAL_FLASHEx_Erase                                 Build/stm32l4xx_hal_flash_ex.o
HAL_FLASHEx_Erase_IT                              Build/stm32l4xx_hal_flash_ex.o
HAL_FLASHEx_OBGetConfig                           Build/stm32l4xx_hal_flash_ex.o
HAL_FLASHEx_OBProgram                             Build/stm32l4xx_hal_flash_ex.o
HAL_FLASH_EndOfOperationCallback                  Build/stm32l4xx_hal_flash.o
HAL_FLASH_GetError                                Build/stm32l4xx_hal_flash.o
HAL_FLASH_IRQHandler                              Build/stm32l4xx_hal_flash.o
HAL_FLASH_Lock                                    Build/stm32l4xx_hal_flash.o
HAL_FLASH_OB_Launch                               Build/stm32l4xx_hal_flash.o
HAL_FLASH_OB_Lock                                 Build/stm32l4xx_hal_flash.o
HAL_FLASH_OB_Unlock                               Build/stm32l4xx_hal_flash.o
HAL_FLASH_OperationErrorCallback                  Build/stm32l4xx_hal_flash.o
HAL_FLASH_Program                                 Build/stm32l4xx_hal_flash.o
HAL_FLASH_Program_IT                              Build/stm32l4xx_hal_flash.o
HAL_FLASH_Unlock                                  Build/stm32l4xx_hal_flash.o
HAL_GPIO_DeInit                                   Build/stm32l4xx_hal_gpio.o
                                                  Build/stm32l4xx_hal_msp.o
HAL_GPIO_EXTI_Callback                            Build/stm32l4xx_hal_gpio.o
HAL_GPIO_EXTI_IRQHandler                          Build/stm32l4xx_hal_gpio.o
HAL_GPIO_Init                                     Build/stm32l4xx_hal_gpio.o
                                                  Build/stm32l4xx_hal_rcc_ex.o
                                                  Build/stm32l4xx_hal_rcc.o
                                                  Build/stm32l4xx_hal_msp.o
                                                  Build/main.o
HAL_GPIO_LockPin                                  Build/stm32l4xx_hal_gpio.o
HAL_GPIO_ReadPin                                  Build/stm32l4xx_hal_gpio.o
HAL_GPIO_TogglePin                                Build/stm32l4xx_hal_gpio.o
                                                  Build/board.o
HAL_GPIO_WritePin                                 Build/stm32l4xx_hal_gpio.o
                                                  Build/main.o
HAL_GetDEVID                                      Build/stm32l4xx_hal.o
HAL_GetHalVersion                                 Build/stm32l4xx_hal.o
HAL_GetREVID                                      Build/stm32l4xx_hal.o
HAL_GetTick                                       Build/stm32l4xx_hal.o
                                                  Build/stm32l4xx_hal_uart_ex.o
                                                  Build/stm32l4xx_hal_uart.o
                                                  Build/stm32l4xx_hal_dma.o
                                                  Build/stm32l4xx_hal_flash.o
                                                  Build/stm32l4xx_hal_rcc_ex.o
                                                  Build/stm32l4xx_hal_rcc.o
                                                  Build/stm32l4xx_hal_i2c.o
                                                  Build/board.o
HAL_GetTickFreq                                   Build/stm32l4xx_hal.o
HAL_GetTickPrio                                   Build/stm32l4xx_hal.o
HAL_GetUIDw0                                      Build/stm32l4xx_hal.o
HAL_GetUIDw1                                      Build/stm32l4xx_hal.o
HAL_GetUIDw2                                      Build/stm32l4xx_hal.o
HAL_HalfDuplex_EnableReceiver                     Build/stm32l4xx_hal_uart.o
HAL_HalfDuplex_EnableTransmitter                  Build/stm32l4xx_hal_uart.o
HAL_HalfDuplex_Init                               Build/stm32l4xx_hal_uart.o
HAL_I2CEx_ConfigAnalogFilter                      Build/stm32l4xx_hal_i2c_ex.o
                                                  Build/main.o
HAL_I2CEx_ConfigDigitalFilter                     Build/stm32l4xx_hal_i2c_ex.o
                                                  Build/main.o
HAL_I2CEx_DisableFastModePlus                     Build/stm32l4xx_hal_i2c_ex.o
HAL_I2CEx_DisableWakeUp                           Build/stm32l4xx_hal_i2c_ex.o
HAL_I2CEx_EnableFastModePlus                      Build/stm32l4xx_hal_i2c_ex.o
HAL_I2CEx_EnableWakeUp                            Build/stm32l4xx_hal_i2c_ex.o
HAL_I2C_AbortCpltCallback                         Build/stm32l4xx_hal_i2c.o
HAL_I2C_AddrCallback                              Build/stm32l4xx_hal_i2c.o
HAL_I2C_DeInit                                    Build/stm32l4xx_hal_i2c.o
HAL_I2C_DisableListen_IT                          Build/stm32l4xx_hal_i2c.o
HAL_I2C_ER_IRQHandler                             Build/stm32l4xx_hal_i2c.o
HAL_I2C_EV_IRQHandler                             Build/stm32l4xx_hal_i2c.o
HAL_I2C_EnableListen_IT                           Build/stm32l4xx_hal_i2c.o
HAL_I2C_ErrorCallback                             Build/stm32l4xx_hal_i2c.o
HAL_I2C_GetError                                  Build/stm32l4xx_hal_i2c.o
HAL_I2C_GetMode                                   Build/stm32l4xx_hal_i2c.o
HAL_I2C_GetState                                  Build/stm32l4xx_hal_i2c.o
HAL_I2C_Init                                      Build/stm32l4xx_hal_i2c.o
                                                  Build/main.o
HAL_I2C_IsDeviceReady                             Build/stm32l4xx_hal_i2c.o
                                                  Build/board.o
                                                  Build/ssd1306.o
HAL_I2C_ListenCpltCallback                        Build/stm32l4xx_hal_i2c.o
HAL_I2C_MasterRxCpltCallback                      Build/stm32l4xx_hal_i2c.o
HAL_I2C_MasterTxCpltCallback                      Build/stm32l4xx_hal_i2c.o
HAL_I2C_Master_Abort_IT                           Build/stm32l4xx_hal_i2c.o
HAL_I2C_Master_Receive                            Build/stm32l4xx_hal_i2c.o
HAL_I2C_Master_Receive_DMA                        Build/stm32l4xx_hal_i2c.o
HAL_I2C_Master_Receive_IT                         Build/stm32l4xx_hal_i2c.o
HAL_I2C_Master_Seq_Receive_DMA                    Build/stm32l4xx_hal_i2c.o
HAL_I2C_Master_Seq_Receive_IT                     Build/stm32l4xx_hal_i2c.o
HAL_I2C_Master_Seq_Transmit_DMA                   Build/stm32l4xx_hal_i2c.o
HAL_I2C_Master_Seq_Transmit_IT                    Build/stm32l4xx_hal_i2c.o
HAL_I2C_Master_Transmit                           Build/stm32l4xx_hal_i2c.o
HAL_I2C_Master_Transmit_DMA                       Build/stm32l4xx_hal_i2c.o
HAL_I2C_Master_Transmit_IT                        Build/stm32l4xx_hal_i2c.o
HAL_I2C_MemRxCpltCallback                         Build/stm32l4xx_hal_i2c.o
HAL_I2C_MemTxCpltCallback                         Build/stm32l4xx_hal_i2c.o
HAL_I2C_Mem_Read                                  Build/stm32l4xx_hal_i2c.o
HAL_I2C_Mem_Read_DMA                              Build/stm32l4xx_hal_i2c.o
HAL_I2C_Mem_Read_IT                               Build/stm32l4xx_hal_i2c.o
HAL_I2C_Mem_Write                                 Build/stm32l4xx_hal_i2c.o
                                                  Build/ssd1306.o
HAL_I2C_Mem_Write_DMA                             Build/stm32l4xx_hal_i2c.o
HAL_I2C_Mem_Write_IT                              Build/stm32l4xx_hal_i2c.o
HAL_I2C_MspDeInit                                 Build/stm32l4xx_hal_msp.o
HAL_I2C_MspInit                                   Build/stm32l4xx_hal_msp.o
HAL_I2C_SlaveRxCpltCallback                       Build/stm32l4xx_hal_i2c.o
HAL_I2C_SlaveTxCpltCallback                       Build/stm32l4xx_hal_i2c.o
HAL_I2C_Slave_Receive                             Build/stm32l4xx_hal_i2c.o
HAL_I2C_Slave_Receive_DMA                         Build/stm32l4xx_hal_i2c.o
HAL_I2C_Slave_Receive_IT                          Build/stm32l4xx_hal_i2c.o
HAL_I2C_Slave_Seq_Receive_DMA                     Build/stm32l4xx_hal_i2c.o
HAL_I2C_Slave_Seq_Receive_IT                      Build/stm32l4xx_hal_i2c.o
HAL_I2C_Slave_Seq_Transmit_DMA                    Build/stm32l4xx_hal_i2c.o
HAL_I2C_Slave_Seq_Transmit_IT                     Build/stm32l4xx_hal_i2c.o
HAL_I2C_Slave_Transmit                            Build/stm32l4xx_hal_i2c.o
HAL_I2C_Slave_Transmit_DMA                        Build/stm32l4xx_hal_i2c.o
HAL_I2C_Slave_Transmit_IT                         Build/stm32l4xx_hal_i2c.o
HAL_IncTick                                       Build/stm32l4xx_hal.o
                                                  Build/stm32l4xx_it.o
HAL_Init                                          Build/stm32l4xx_hal.o
                                                  Build/main.o
HAL_InitTick                                      Build/stm32l4xx_hal.o
                                                  Build/stm32l4xx_hal_rcc.o
HAL_LIN_Init                                      Build/stm32l4xx_hal_uart.o
HAL_LIN_SendBreak                                 Build/stm32l4xx_hal_uart.o
HAL_MPU_ConfigRegion                              Build/stm32l4xx_hal_cortex.o
HAL_MPU_Disable                                   Build/stm32l4xx_hal_cortex.o
HAL_MPU_Enable                                    Build/stm32l4xx_hal_cortex.o
HAL_MspDeInit                                     Build/stm32l4xx_hal.o
HAL_MspInit                                       Build/stm32l4xx_hal_msp.o
HAL_MultiProcessorEx_AddressLength_Set            Build/stm32l4xx_hal_uart_ex.o
HAL_MultiProcessor_DisableMuteMode                Build/stm32l4xx_hal_uart.o
HAL_MultiProcessor_EnableMuteMode                 Build/stm32l4xx_hal_uart.o
HAL_MultiProcessor_EnterMuteMode                  Build/stm32l4xx_hal_uart.o
HAL_MultiProcessor_Init                           Build/stm32l4xx_hal_uart.o
HAL_NVIC_ClearPendingIRQ                          Build/stm32l4xx_hal_cortex.o
HAL_NVIC_DisableIRQ                               Build/stm32l4xx_hal_cortex.o
HAL_NVIC_EnableIRQ                                Build/stm32l4xx_hal_cortex.o
HAL_NVIC_GetActive                                Build/stm32l4xx_hal_cortex.o
HAL_NVIC_GetPendingIRQ                            Build/stm32l4xx_hal_cortex.o
HAL_NVIC_GetPriority                              Build/stm32l4xx_hal_cortex.o
HAL_NVIC_GetPriorityGrouping                      Build/stm32l4xx_hal_cortex.o
HAL_NVIC_SetPendingIRQ                            Build/stm32l4xx_hal_cortex.o
HAL_NVIC_SetPriority                              Build/stm32l4xx_hal_cortex.o
                                                  Build/stm32l4xx_hal.o
HAL_NVIC_SetPriorityGrouping                      Build/stm32l4xx_hal_cortex.o
                                                  Build/stm32l4xx_hal.o
HAL_NVIC_SystemReset                              Build/stm32l4xx_hal_cortex.o
HAL_PWREx_ConfigPVM                               Build/stm32l4xx_hal_pwr_ex.o
HAL_PWREx_ControlVoltageScaling                   Build/stm32l4xx_hal_pwr_ex.o
                                                  Build/main.o
HAL_PWREx_DisableBatteryCharging                  Build/stm32l4xx_hal_pwr_ex.o
HAL_PWREx_DisableGPIOPullDown                     Build/stm32l4xx_hal_pwr_ex.o
HAL_PWREx_DisableGPIOPullUp                       Build/stm32l4xx_hal_pwr_ex.o
HAL_PWREx_DisableInternalWakeUpLine               Build/stm32l4xx_hal_pwr_ex.o
HAL_PWREx_DisableLowPowerRunMode                  Build/stm32l4xx_hal_pwr_ex.o
                                                  Build/stm32l4xx_hal_pwr.o
HAL_PWREx_DisablePVM3                             Build/stm32l4xx_hal_pwr_ex.o
HAL_PWREx_DisablePVM4                             Build/stm32l4xx_hal_pwr_ex.o
HAL_PWREx_DisablePullUpPullDownConfig             Build/stm32l4xx_hal_pwr_ex.o
HAL_PWREx_DisableSRAM2ContentRetention            Build/stm32l4xx_hal_pwr_ex.o
HAL_PWREx_EnableBatteryCharging                   Build/stm32l4xx_hal_pwr_ex.o
HAL_PWREx_EnableGPIOPullDown                      Build/stm32l4xx_hal_pwr_ex.o
HAL_PWREx_EnableGPIOPullUp                        Build/stm32l4xx_hal_pwr_ex.o
HAL_PWREx_EnableInternalWakeUpLine                Build/stm32l4xx_hal_pwr_ex.o
HAL_PWREx_EnableLowPowerRunMode                   Build/stm32l4xx_hal_pwr_ex.o
                                                  Build/stm32l4xx_hal_pwr.o
HAL_PWREx_EnablePVM3                              Build/stm32l4xx_hal_pwr_ex.o
HAL_PWREx_EnablePVM4                              Build/stm32l4xx_hal_pwr_ex.o
HAL_PWREx_EnablePullUpPullDownConfig              Build/stm32l4xx_hal_pwr_ex.o
HAL_PWREx_EnableSRAM2ContentRetention             Build/stm32l4xx_hal_pwr_ex.o
HAL_PWREx_EnterSHUTDOWNMode                       Build/stm32l4xx_hal_pwr_ex.o
HAL_PWREx_EnterSTOP0Mode                          Build/stm32l4xx_hal_pwr_ex.o
                                                  Build/stm32l4xx_hal_pwr.o
HAL_PWREx_EnterSTOP1Mode                          Build/stm32l4xx_hal_pwr_ex.o
                                                  Build/stm32l4xx_hal_pwr.o
HAL_PWREx_EnterSTOP2Mode                          Build/stm32l4xx_hal_pwr_ex.o
HAL_PWREx_GetVoltageRange                         Build/stm32l4xx_hal_pwr_ex.o
                                                  Build/stm32l4xx_hal_rcc.o
HAL_PWREx_PVD_PVM_IRQHandler                      Build/stm32l4xx_hal_pwr_ex.o
HAL_PWREx_PVM3Callback                            Build/stm32l4xx_hal_pwr_ex.o
HAL_PWREx_PVM4Callback                            Build/stm32l4xx_hal_pwr_ex.o
HAL_PWREx_SetSRAM2ContentRetention                Build/stm32l4xx_hal_pwr_ex.o
HAL_PWR_ConfigPVD                                 Build/stm32l4xx_hal_pwr.o
HAL_PWR_DeInit                                    Build/stm32l4xx_hal_pwr.o
HAL_PWR_DisableBkUpAccess                         Build/stm32l4xx_hal_pwr.o
                                                  Build/stm32l4xx_hal_rcc_ex.o
HAL_PWR_DisablePVD                                Build/stm32l4xx_hal_pwr.o
HAL_PWR_DisableSEVOnPend                          Build/stm32l4xx_hal_pwr.o
HAL_PWR_DisableSleepOnExit                        Build/stm32l4xx_hal_pwr.o
HAL_PWR_DisableWakeUpPin                          Build/stm32l4xx_hal_pwr.o
HAL_PWR_EnableBkUpAccess                          Build/stm32l4xx_hal_pwr.o
                                                  Build/stm32l4xx_hal_rcc_ex.o
HAL_PWR_EnablePVD                                 Build/stm32l4xx_hal_pwr.o
HAL_PWR_EnableSEVOnPend                           Build/stm32l4xx_hal_pwr.o
HAL_PWR_EnableSleepOnExit                         Build/stm32l4xx_hal_pwr.o
HAL_PWR_EnableWakeUpPin                           Build/stm32l4xx_hal_pwr.o
HAL_PWR_EnterSLEEPMode                            Build/stm32l4xx_hal_pwr.o
HAL_PWR_EnterSTANDBYMode                          Build/stm32l4xx_hal_pwr.o
HAL_PWR_EnterSTOPMode                             Build/stm32l4xx_hal_pwr.o
HAL_PWR_PVDCallback                               Build/stm32l4xx_hal_pwr.o
                                                  Build/stm32l4xx_hal_pwr_ex.o
HAL_RCCEx_CRSConfig                               Build/stm32l4xx_hal_rcc_ex.o
HAL_RCCEx_CRSGetSynchronizationInfo               Build/stm32l4xx_hal_rcc_ex.o
HAL_RCCEx_CRSSoftwareSynchronizationGenerate      Build/stm32l4xx_hal_rcc_ex.o
HAL_RCCEx_CRSWaitSynchronization                  Build/stm32l4xx_hal_rcc_ex.o
HAL_RCCEx_CRS_ErrorCallback                       Build/stm32l4xx_hal_rcc_ex.o
HAL_RCCEx_CRS_ExpectedSyncCallback                Build/stm32l4xx_hal_rcc_ex.o
HAL_RCCEx_CRS_IRQHandler                          Build/stm32l4xx_hal_rcc_ex.o
HAL_RCCEx_CRS_SyncOkCallback                      Build/stm32l4xx_hal_rcc_ex.o
HAL_RCCEx_CRS_SyncWarnCallback                    Build/stm32l4xx_hal_rcc_ex.o
HAL_RCCEx_DisableLSCO                             Build/stm32l4xx_hal_rcc_ex.o
HAL_RCCEx_DisableLSECSS                           Build/stm32l4xx_hal_rcc_ex.o
HAL_RCCEx_DisableMSIPLLMode                       Build/stm32l4xx_hal_rcc_ex.o
HAL_RCCEx_DisablePLLSAI1                          Build/stm32l4xx_hal_rcc_ex.o
HAL_RCCEx_EnableLSCO                              Build/stm32l4xx_hal_rcc_ex.o
HAL_RCCEx_EnableLSECSS                            Build/stm32l4xx_hal_rcc_ex.o
HAL_RCCEx_EnableLSECSS_IT                         Build/stm32l4xx_hal_rcc_ex.o
HAL_RCCEx_EnableMSIPLLMode                        Build/stm32l4xx_hal_rcc_ex.o
HAL_RCCEx_EnablePLLSAI1                           Build/stm32l4xx_hal_rcc_ex.o
HAL_RCCEx_GetPeriphCLKConfig                      Build/stm32l4xx_hal_rcc_ex.o
HAL_RCCEx_GetPeriphCLKFreq                        Build/stm32l4xx_hal_rcc_ex.o
HAL_RCCEx_LSECSS_Callback                         Build/stm32l4xx_hal_rcc_ex.o
HAL_RCCEx_LSECSS_IRQHandler                       Build/stm32l4xx_hal_rcc_ex.o
HAL_RCCEx_PeriphCLKConfig                         Build/stm32l4xx_hal_rcc_ex.o
                                                  Build/stm32l4xx_hal_msp.o
HAL_RCCEx_StandbyMSIRangeConfig                   Build/stm32l4xx_hal_rcc_ex.o
HAL_RCCEx_WakeUpStopCLKConfig                     Build/stm32l4xx_hal_rcc_ex.o
HAL_RCC_CSSCallback                               Build/stm32l4xx_hal_rcc.o
HAL_RCC_ClockConfig                               Build/stm32l4xx_hal_rcc.o
                                                  Build/main.o
HAL_RCC_DeInit                                    Build/stm32l4xx_hal_rcc.o
HAL_RCC_EnableCSS                                 Build/stm32l4xx_hal_rcc.o
HAL_RCC_GetClockConfig                            Build/stm32l4xx_hal_rcc.o
HAL_RCC_GetHCLKFreq                               Build/stm32l4xx_hal_rcc.o
HAL_RCC_GetOscConfig                              Build/stm32l4xx_hal_rcc.o
HAL_RCC_GetPCLK1Freq                              Build/stm32l4xx_hal_rcc.o
                                                  Build/stm32l4xx_hal_uart.o
                                                  Build/stm32l4xx_hal_rcc_ex.o
HAL_RCC_GetPCLK2Freq                              Build/stm32l4xx_hal_rcc.o
                                                  Build/stm32l4xx_hal_uart.o
                                                  Build/stm32l4xx_hal_rcc_ex.o
HAL_RCC_GetResetSource                            Build/stm32l4xx_hal_rcc.o
HAL_RCC_GetSysClockFreq                           Build/stm32l4xx_hal_rcc.o
                                                  Build/stm32l4xx_hal_uart.o
                                                  Build/stm32l4xx_hal_rcc_ex.o
HAL_RCC_MCOConfig                                 Build/stm32l4xx_hal_rcc.o
HAL_RCC_NMI_IRQHandler                            Build/stm32l4xx_hal_rcc.o
HAL_RCC_OscConfig                                 Build/stm32l4xx_hal_rcc.o
                                                  Build/main.o
HAL_RS485Ex_Init                                  Build/stm32l4xx_hal_uart_ex.o
HAL_ResumeTick                                    Build/stm32l4xx_hal.o
HAL_SYSCFG_DisableIOAnalogSwitchBooster           Build/stm32l4xx_hal.o
HAL_SYSCFG_DisableMemorySwappingBank              Build/stm32l4xx_hal.o
HAL_SYSCFG_DisableVREFBUF                         Build/stm32l4xx_hal.o
HAL_SYSCFG_EnableIOAnalogSwitchBooster            Build/stm32l4xx_hal.o
HAL_SYSCFG_EnableMemorySwappingBank               Build/stm32l4xx_hal.o
HAL_SYSCFG_EnableVREFBUF                          Build/stm32l4xx_hal.o
HAL_SYSCFG_SRAM2Erase                             Build/stm32l4xx_hal.o
HAL_SYSCFG_VREFBUF_HighImpedanceConfig            Build/stm32l4xx_hal.o
HAL_SYSCFG_VREFBUF_TrimmingConfig                 Build/stm32l4xx_hal.o
HAL_SYSCFG_VREFBUF_VoltageScalingConfig           Build/stm32l4xx_hal.o
HAL_SYSTICK_CLKSourceConfig                       Build/stm32l4xx_hal_cortex.o
HAL_SYSTICK_Callback                              Build/stm32l4xx_hal_cortex.o
HAL_SYSTICK_Config                                Build/stm32l4xx_hal_cortex.o